Archive member included because of file (symbol)

d:/iti_9_month_scholarship/embedded/tools/discovery/tools/winavr_20100110/bin/../lib/gcc/avr/4.3.3/avr5\libgcc.a(_exit.o)
                              d:/iti_9_month_scholarship/embedded/tools/discovery/tools/winavr_20100110/bin/../lib/gcc/avr/4.3.3/../../../../avr/lib/avr5/crtm32.o (exit)
d:/iti_9_month_scholarship/embedded/tools/discovery/tools/winavr_20100110/bin/../lib/gcc/avr/4.3.3/avr5\libgcc.a(_copy_data.o)
                              ./APP/main.o (__do_copy_data)
d:/iti_9_month_scholarship/embedded/tools/discovery/tools/winavr_20100110/bin/../lib/gcc/avr/4.3.3/avr5\libgcc.a(_fixunssfsi.o)
                              ./HAL/Lcd.o (__fixunssfsi)
d:/iti_9_month_scholarship/embedded/tools/discovery/tools/winavr_20100110/bin/../lib/gcc/avr/4.3.3/avr5\libgcc.a(_addsub_sf.o)
                              d:/iti_9_month_scholarship/embedded/tools/discovery/tools/winavr_20100110/bin/../lib/gcc/avr/4.3.3/avr5\libgcc.a(_fixunssfsi.o) (__subsf3)
d:/iti_9_month_scholarship/embedded/tools/discovery/tools/winavr_20100110/bin/../lib/gcc/avr/4.3.3/avr5\libgcc.a(_mul_sf.o)
                              ./HAL/Lcd.o (__mulsf3)
d:/iti_9_month_scholarship/embedded/tools/discovery/tools/winavr_20100110/bin/../lib/gcc/avr/4.3.3/avr5\libgcc.a(_gt_sf.o)
                              ./HAL/Lcd.o (__gtsf2)
d:/iti_9_month_scholarship/embedded/tools/discovery/tools/winavr_20100110/bin/../lib/gcc/avr/4.3.3/avr5\libgcc.a(_ge_sf.o)
                              d:/iti_9_month_scholarship/embedded/tools/discovery/tools/winavr_20100110/bin/../lib/gcc/avr/4.3.3/avr5\libgcc.a(_fixunssfsi.o) (__gesf2)
d:/iti_9_month_scholarship/embedded/tools/discovery/tools/winavr_20100110/bin/../lib/gcc/avr/4.3.3/avr5\libgcc.a(_lt_sf.o)
                              ./HAL/Lcd.o (__ltsf2)
d:/iti_9_month_scholarship/embedded/tools/discovery/tools/winavr_20100110/bin/../lib/gcc/avr/4.3.3/avr5\libgcc.a(_sf_to_si.o)
                              d:/iti_9_month_scholarship/embedded/tools/discovery/tools/winavr_20100110/bin/../lib/gcc/avr/4.3.3/avr5\libgcc.a(_fixunssfsi.o) (__fixsfsi)
d:/iti_9_month_scholarship/embedded/tools/discovery/tools/winavr_20100110/bin/../lib/gcc/avr/4.3.3/avr5\libgcc.a(_thenan_sf.o)
                              d:/iti_9_month_scholarship/embedded/tools/discovery/tools/winavr_20100110/bin/../lib/gcc/avr/4.3.3/avr5\libgcc.a(_addsub_sf.o) (__thenan_sf)
d:/iti_9_month_scholarship/embedded/tools/discovery/tools/winavr_20100110/bin/../lib/gcc/avr/4.3.3/avr5\libgcc.a(_prologue.o)
                              d:/iti_9_month_scholarship/embedded/tools/discovery/tools/winavr_20100110/bin/../lib/gcc/avr/4.3.3/avr5\libgcc.a(_addsub_sf.o) (__prologue_saves__)
d:/iti_9_month_scholarship/embedded/tools/discovery/tools/winavr_20100110/bin/../lib/gcc/avr/4.3.3/avr5\libgcc.a(_epilogue.o)
                              d:/iti_9_month_scholarship/embedded/tools/discovery/tools/winavr_20100110/bin/../lib/gcc/avr/4.3.3/avr5\libgcc.a(_addsub_sf.o) (__epilogue_restores__)
d:/iti_9_month_scholarship/embedded/tools/discovery/tools/winavr_20100110/bin/../lib/gcc/avr/4.3.3/avr5\libgcc.a(_pack_sf.o)
                              d:/iti_9_month_scholarship/embedded/tools/discovery/tools/winavr_20100110/bin/../lib/gcc/avr/4.3.3/avr5\libgcc.a(_addsub_sf.o) (__pack_f)
d:/iti_9_month_scholarship/embedded/tools/discovery/tools/winavr_20100110/bin/../lib/gcc/avr/4.3.3/avr5\libgcc.a(_unpack_sf.o)
                              d:/iti_9_month_scholarship/embedded/tools/discovery/tools/winavr_20100110/bin/../lib/gcc/avr/4.3.3/avr5\libgcc.a(_addsub_sf.o) (__unpack_f)
d:/iti_9_month_scholarship/embedded/tools/discovery/tools/winavr_20100110/bin/../lib/gcc/avr/4.3.3/avr5\libgcc.a(_fpcmp_parts_sf.o)
                              d:/iti_9_month_scholarship/embedded/tools/discovery/tools/winavr_20100110/bin/../lib/gcc/avr/4.3.3/avr5\libgcc.a(_gt_sf.o) (__fpcmp_parts_f)

Memory Configuration

Name             Origin             Length             Attributes
text             0x00000000         0x00020000         xr
data             0x00800060         0x0000ffa0         rw !x
eeprom           0x00810000         0x00010000         rw !x
fuse             0x00820000         0x00000400         rw !x
lock             0x00830000         0x00000400         rw !x
signature        0x00840000         0x00000400         rw !x
*default*        0x00000000         0xffffffff

Linker script and memory map

LOAD d:/iti_9_month_scholarship/embedded/tools/discovery/tools/winavr_20100110/bin/../lib/gcc/avr/4.3.3/../../../../avr/lib/avr5/crtm32.o
LOAD ./MCAL/Adc.o
LOAD ./MCAL/Dio.o
LOAD ./MCAL/Port.o
LOAD ./HAL/Lcd.o
LOAD ./HAL/Lcd_prv.o
LOAD ./APP/main.o
LOAD d:/iti_9_month_scholarship/embedded/tools/discovery/tools/winavr_20100110/bin/../lib/gcc/avr/4.3.3/avr5\libgcc.a
LOAD d:/iti_9_month_scholarship/embedded/tools/discovery/tools/winavr_20100110/bin/../lib/gcc/avr/4.3.3/../../../../avr/lib/avr5\libc.a
LOAD d:/iti_9_month_scholarship/embedded/tools/discovery/tools/winavr_20100110/bin/../lib/gcc/avr/4.3.3/avr5\libgcc.a

.hash
 *(.hash)

.dynsym
 *(.dynsym)

.dynstr
 *(.dynstr)

.gnu.version
 *(.gnu.version)

.gnu.version_d
 *(.gnu.version_d)

.gnu.version_r
 *(.gnu.version_r)

.rel.init
 *(.rel.init)

.rela.init
 *(.rela.init)

.rel.text
 *(.rel.text)
 *(.rel.text.*)
 *(.rel.gnu.linkonce.t*)

.rela.text
 *(.rela.text)
 *(.rela.text.*)
 *(.rela.gnu.linkonce.t*)

.rel.fini
 *(.rel.fini)

.rela.fini
 *(.rela.fini)

.rel.rodata
 *(.rel.rodata)
 *(.rel.rodata.*)
 *(.rel.gnu.linkonce.r*)

.rela.rodata
 *(.rela.rodata)
 *(.rela.rodata.*)
 *(.rela.gnu.linkonce.r*)

.rel.data
 *(.rel.data)
 *(.rel.data.*)
 *(.rel.gnu.linkonce.d*)

.rela.data
 *(.rela.data)
 *(.rela.data.*)
 *(.rela.gnu.linkonce.d*)

.rel.ctors
 *(.rel.ctors)

.rela.ctors
 *(.rela.ctors)

.rel.dtors
 *(.rel.dtors)

.rela.dtors
 *(.rela.dtors)

.rel.got
 *(.rel.got)

.rela.got
 *(.rela.got)

.rel.bss
 *(.rel.bss)

.rela.bss
 *(.rela.bss)

.rel.plt
 *(.rel.plt)

.rela.plt
 *(.rela.plt)

.text           0x00000000     0x303a
 *(.vectors)
 .vectors       0x00000000       0x54 d:/iti_9_month_scholarship/embedded/tools/discovery/tools/winavr_20100110/bin/../lib/gcc/avr/4.3.3/../../../../avr/lib/avr5/crtm32.o
                0x00000000                __vectors
                0x00000000                __vector_default
 *(.vectors)
 *(.progmem.gcc*)
 *(.progmem*)
                0x00000054                . = ALIGN (0x2)
                0x00000054                __trampolines_start = .
 *(.trampolines)
 .trampolines   0x00000054        0x0 linker stubs
 *(.trampolines*)
                0x00000054                __trampolines_end = .
 *(.jumptables)
 *(.jumptables*)
 *(.lowtext)
 *(.lowtext*)
                0x00000054                __ctors_start = .
 *(.ctors)
                0x00000054                __ctors_end = .
                0x00000054                __dtors_start = .
 *(.dtors)
                0x00000054                __dtors_end = .
 SORT(*)(.ctors)
 SORT(*)(.dtors)
 *(.init0)
 .init0         0x00000054        0x0 d:/iti_9_month_scholarship/embedded/tools/discovery/tools/winavr_20100110/bin/../lib/gcc/avr/4.3.3/../../../../avr/lib/avr5/crtm32.o
                0x00000054                __init
 *(.init0)
 *(.init1)
 *(.init1)
 *(.init2)
 .init2         0x00000054        0xc d:/iti_9_month_scholarship/embedded/tools/discovery/tools/winavr_20100110/bin/../lib/gcc/avr/4.3.3/../../../../avr/lib/avr5/crtm32.o
 *(.init2)
 *(.init3)
 *(.init3)
 *(.init4)
 .init4         0x00000060       0x16 d:/iti_9_month_scholarship/embedded/tools/discovery/tools/winavr_20100110/bin/../lib/gcc/avr/4.3.3/avr5\libgcc.a(_copy_data.o)
                0x00000060                __do_copy_data
 *(.init4)
 *(.init5)
 *(.init5)
 *(.init6)
 *(.init6)
 *(.init7)
 *(.init7)
 *(.init8)
 *(.init8)
 *(.init9)
 .init9         0x00000076        0x8 d:/iti_9_month_scholarship/embedded/tools/discovery/tools/winavr_20100110/bin/../lib/gcc/avr/4.3.3/../../../../avr/lib/avr5/crtm32.o
 *(.init9)
 *(.text)
 .text          0x0000007e        0x4 d:/iti_9_month_scholarship/embedded/tools/discovery/tools/winavr_20100110/bin/../lib/gcc/avr/4.3.3/../../../../avr/lib/avr5/crtm32.o
                0x0000007e                __vector_1
                0x0000007e                __vector_12
                0x0000007e                __bad_interrupt
                0x0000007e                __vector_6
                0x0000007e                __vector_3
                0x0000007e                __vector_11
                0x0000007e                __vector_13
                0x0000007e                __vector_17
                0x0000007e                __vector_19
                0x0000007e                __vector_7
                0x0000007e                __vector_5
                0x0000007e                __vector_4
                0x0000007e                __vector_9
                0x0000007e                __vector_2
                0x0000007e                __vector_15
                0x0000007e                __vector_8
                0x0000007e                __vector_14
                0x0000007e                __vector_10
                0x0000007e                __vector_16
                0x0000007e                __vector_18
                0x0000007e                __vector_20
 .text          0x00000082        0x0 ./MCAL/Adc.o
 .text          0x00000082        0x0 ./MCAL/Dio.o
 .text          0x00000082        0x0 ./MCAL/Port.o
 .text          0x00000082        0x0 ./HAL/Lcd.o
 .text          0x00000082        0x0 ./HAL/Lcd_prv.o
 .text          0x00000082        0x0 ./APP/main.o
 .text          0x00000082        0x0 d:/iti_9_month_scholarship/embedded/tools/discovery/tools/winavr_20100110/bin/../lib/gcc/avr/4.3.3/avr5\libgcc.a(_exit.o)
 .text          0x00000082        0x0 d:/iti_9_month_scholarship/embedded/tools/discovery/tools/winavr_20100110/bin/../lib/gcc/avr/4.3.3/avr5\libgcc.a(_copy_data.o)
 .text          0x00000082       0x58 d:/iti_9_month_scholarship/embedded/tools/discovery/tools/winavr_20100110/bin/../lib/gcc/avr/4.3.3/avr5\libgcc.a(_fixunssfsi.o)
                0x00000082                __fixunssfsi
 .text          0x000000da      0x354 d:/iti_9_month_scholarship/embedded/tools/discovery/tools/winavr_20100110/bin/../lib/gcc/avr/4.3.3/avr5\libgcc.a(_addsub_sf.o)
                0x00000372                __subsf3
                0x000003d4                __addsf3
 .text          0x0000042e      0x1f4 d:/iti_9_month_scholarship/embedded/tools/discovery/tools/winavr_20100110/bin/../lib/gcc/avr/4.3.3/avr5\libgcc.a(_mul_sf.o)
                0x0000042e                __mulsf3
 .text          0x00000622       0x60 d:/iti_9_month_scholarship/embedded/tools/discovery/tools/winavr_20100110/bin/../lib/gcc/avr/4.3.3/avr5\libgcc.a(_gt_sf.o)
                0x00000622                __gtsf2
 .text          0x00000682       0x60 d:/iti_9_month_scholarship/embedded/tools/discovery/tools/winavr_20100110/bin/../lib/gcc/avr/4.3.3/avr5\libgcc.a(_ge_sf.o)
                0x00000682                __gesf2
 .text          0x000006e2       0x60 d:/iti_9_month_scholarship/embedded/tools/discovery/tools/winavr_20100110/bin/../lib/gcc/avr/4.3.3/avr5\libgcc.a(_lt_sf.o)
                0x000006e2                __ltsf2
 .text          0x00000742       0xa8 d:/iti_9_month_scholarship/embedded/tools/discovery/tools/winavr_20100110/bin/../lib/gcc/avr/4.3.3/avr5\libgcc.a(_sf_to_si.o)
                0x00000742                __fixsfsi
 .text          0x000007ea        0x0 d:/iti_9_month_scholarship/embedded/tools/discovery/tools/winavr_20100110/bin/../lib/gcc/avr/4.3.3/avr5\libgcc.a(_thenan_sf.o)
 .text          0x000007ea        0x0 d:/iti_9_month_scholarship/embedded/tools/discovery/tools/winavr_20100110/bin/../lib/gcc/avr/4.3.3/avr5\libgcc.a(_prologue.o)
 .text          0x000007ea        0x0 d:/iti_9_month_scholarship/embedded/tools/discovery/tools/winavr_20100110/bin/../lib/gcc/avr/4.3.3/avr5\libgcc.a(_epilogue.o)
 .text          0x000007ea      0x1aa d:/iti_9_month_scholarship/embedded/tools/discovery/tools/winavr_20100110/bin/../lib/gcc/avr/4.3.3/avr5\libgcc.a(_pack_sf.o)
                0x000007ea                __pack_f
 .text          0x00000994       0xf0 d:/iti_9_month_scholarship/embedded/tools/discovery/tools/winavr_20100110/bin/../lib/gcc/avr/4.3.3/avr5\libgcc.a(_unpack_sf.o)
                0x00000994                __unpack_f
 .text          0x00000a84       0xb2 d:/iti_9_month_scholarship/embedded/tools/discovery/tools/winavr_20100110/bin/../lib/gcc/avr/4.3.3/avr5\libgcc.a(_fpcmp_parts_sf.o)
                0x00000a84                __fpcmp_parts_f
                0x00000b36                . = ALIGN (0x2)
 *(.text.*)
 .text.Adc_vidInit
                0x00000b36       0x2e ./MCAL/Adc.o
                0x00000b36                Adc_vidInit
 .text.Adc_vidControl
                0x00000b64       0x22 ./MCAL/Adc.o
                0x00000b64                Adc_vidControl
 .text.Adc_vidStartConversion
                0x00000b86       0x1c ./MCAL/Adc.o
                0x00000b86                Adc_vidStartConversion
 .text.Adc_u16GetResult
                0x00000ba2       0x44 ./MCAL/Adc.o
                0x00000ba2                Adc_u16GetResult
 .text.Adc_u8GetInterruptFlagValue
                0x00000be6       0x1a ./MCAL/Adc.o
                0x00000be6                Adc_u8GetInterruptFlagValue
 .text.Adc_vidClearInterruptFlag
                0x00000c00       0x1c ./MCAL/Adc.o
 .text.Dio_enuWriteChannelId
                0x00000c1c      0x20e ./MCAL/Dio.o
                0x00000c1c                Dio_enuWriteChannelId
 .text.Dio_enuReadChannelId
                0x00000e2a      0x130 ./MCAL/Dio.o
                0x00000e2a                Dio_enuReadChannelId
 .text.Dio_enuWritePort
                0x00000f5a       0x98 ./MCAL/Dio.o
                0x00000f5a                Dio_enuWritePort
 .text.Dio_enuReadPort
                0x00000ff2       0xac ./MCAL/Dio.o
                0x00000ff2                Dio_enuReadPort
 .text.Dio_enuFlipChannel
                0x0000109e      0x122 ./MCAL/Dio.o
                0x0000109e                Dio_enuFlipChannel
 .text.Port_enuSetPinDir
                0x000011c0      0x1f8 ./MCAL/Port.o
                0x000011c0                Port_enuSetPinDir
 .text.Port_enuSetPinMode
                0x000013b8      0x682 ./MCAL/Port.o
                0x000013b8                Port_enuSetPinMode
 .text.Port_vidInit
                0x00001a3a       0x4a ./MCAL/Port.o
                0x00001a3a                Port_vidInit
 .text.Lcd_vidInit
                0x00001a84      0x4e4 ./HAL/Lcd.o
                0x00001a84                Lcd_vidInit
 .text.Lcd_vidSendCommand
                0x00001f68      0x302 ./HAL/Lcd.o
                0x00001f68                Lcd_vidSendCommand
 .text.Lcd_vidDiaplayChar
                0x0000226a      0x302 ./HAL/Lcd.o
                0x0000226a                Lcd_vidDiaplayChar
 .text.Lcd_vidGoTo
                0x0000256c      0x214 ./HAL/Lcd.o
                0x0000256c                Lcd_vidGoTo
 .text.Lcd_vidCreateCustomCharacter
                0x00002780       0x60 ./HAL/Lcd.o
                0x00002780                Lcd_vidCreateCustomCharacter
 .text.Lcd_vidDiaplayString
                0x000027e0       0x52 ./HAL/Lcd.o
                0x000027e0                Lcd_vidDiaplayString
 .text.Lcd_prvSendData
                0x00002832       0xa6 ./HAL/Lcd.o
 .text.main     0x000028d8      0x6f0 ./APP/main.o
                0x000028d8                main
 .text.libgcc   0x00002fc8        0x0 d:/iti_9_month_scholarship/embedded/tools/discovery/tools/winavr_20100110/bin/../lib/gcc/avr/4.3.3/avr5\libgcc.a(_exit.o)
 .text.libgcc   0x00002fc8        0x0 d:/iti_9_month_scholarship/embedded/tools/discovery/tools/winavr_20100110/bin/../lib/gcc/avr/4.3.3/avr5\libgcc.a(_copy_data.o)
 .text.libgcc   0x00002fc8       0x38 d:/iti_9_month_scholarship/embedded/tools/discovery/tools/winavr_20100110/bin/../lib/gcc/avr/4.3.3/avr5\libgcc.a(_prologue.o)
                0x00002fc8                __prologue_saves__
 .text.libgcc   0x00003000       0x36 d:/iti_9_month_scholarship/embedded/tools/discovery/tools/winavr_20100110/bin/../lib/gcc/avr/4.3.3/avr5\libgcc.a(_epilogue.o)
                0x00003000                __epilogue_restores__
                0x00003036                . = ALIGN (0x2)
 *(.fini9)
 .fini9         0x00003036        0x0 d:/iti_9_month_scholarship/embedded/tools/discovery/tools/winavr_20100110/bin/../lib/gcc/avr/4.3.3/avr5\libgcc.a(_exit.o)
                0x00003036                exit
                0x00003036                _exit
 *(.fini9)
 *(.fini8)
 *(.fini8)
 *(.fini7)
 *(.fini7)
 *(.fini6)
 *(.fini6)
 *(.fini5)
 *(.fini5)
 *(.fini4)
 *(.fini4)
 *(.fini3)
 *(.fini3)
 *(.fini2)
 *(.fini2)
 *(.fini1)
 *(.fini1)
 *(.fini0)
 .fini0         0x00003036        0x4 d:/iti_9_month_scholarship/embedded/tools/discovery/tools/winavr_20100110/bin/../lib/gcc/avr/4.3.3/avr5\libgcc.a(_exit.o)
 *(.fini0)
                0x0000303a                _etext = .

.data           0x00800060       0x78 load address 0x0000303a
                0x00800060                PROVIDE (__data_start, .)
 *(.data)
 .data          0x00800060        0x0 d:/iti_9_month_scholarship/embedded/tools/discovery/tools/winavr_20100110/bin/../lib/gcc/avr/4.3.3/../../../../avr/lib/avr5/crtm32.o
 .data          0x00800060        0x0 ./MCAL/Adc.o
 .data          0x00800060        0x0 ./MCAL/Dio.o
 .data          0x00800060        0x0 ./MCAL/Port.o
 .data          0x00800060        0x0 ./HAL/Lcd.o
 .data          0x00800060        0x0 ./HAL/Lcd_prv.o
 .data          0x00800060       0x38 ./APP/main.o
 .data          0x00800098        0x0 d:/iti_9_month_scholarship/embedded/tools/discovery/tools/winavr_20100110/bin/../lib/gcc/avr/4.3.3/avr5\libgcc.a(_exit.o)
 .data          0x00800098        0x0 d:/iti_9_month_scholarship/embedded/tools/discovery/tools/winavr_20100110/bin/../lib/gcc/avr/4.3.3/avr5\libgcc.a(_copy_data.o)
 .data          0x00800098        0x0 d:/iti_9_month_scholarship/embedded/tools/discovery/tools/winavr_20100110/bin/../lib/gcc/avr/4.3.3/avr5\libgcc.a(_fixunssfsi.o)
 .data          0x00800098        0x0 d:/iti_9_month_scholarship/embedded/tools/discovery/tools/winavr_20100110/bin/../lib/gcc/avr/4.3.3/avr5\libgcc.a(_addsub_sf.o)
 .data          0x00800098        0x0 d:/iti_9_month_scholarship/embedded/tools/discovery/tools/winavr_20100110/bin/../lib/gcc/avr/4.3.3/avr5\libgcc.a(_mul_sf.o)
 .data          0x00800098        0x0 d:/iti_9_month_scholarship/embedded/tools/discovery/tools/winavr_20100110/bin/../lib/gcc/avr/4.3.3/avr5\libgcc.a(_gt_sf.o)
 .data          0x00800098        0x0 d:/iti_9_month_scholarship/embedded/tools/discovery/tools/winavr_20100110/bin/../lib/gcc/avr/4.3.3/avr5\libgcc.a(_ge_sf.o)
 .data          0x00800098        0x0 d:/iti_9_month_scholarship/embedded/tools/discovery/tools/winavr_20100110/bin/../lib/gcc/avr/4.3.3/avr5\libgcc.a(_lt_sf.o)
 .data          0x00800098        0x0 d:/iti_9_month_scholarship/embedded/tools/discovery/tools/winavr_20100110/bin/../lib/gcc/avr/4.3.3/avr5\libgcc.a(_sf_to_si.o)
 .data          0x00800098        0x8 d:/iti_9_month_scholarship/embedded/tools/discovery/tools/winavr_20100110/bin/../lib/gcc/avr/4.3.3/avr5\libgcc.a(_thenan_sf.o)
                0x00800098                __thenan_sf
 .data          0x008000a0        0x0 d:/iti_9_month_scholarship/embedded/tools/discovery/tools/winavr_20100110/bin/../lib/gcc/avr/4.3.3/avr5\libgcc.a(_prologue.o)
 .data          0x008000a0        0x0 d:/iti_9_month_scholarship/embedded/tools/discovery/tools/winavr_20100110/bin/../lib/gcc/avr/4.3.3/avr5\libgcc.a(_epilogue.o)
 .data          0x008000a0        0x0 d:/iti_9_month_scholarship/embedded/tools/discovery/tools/winavr_20100110/bin/../lib/gcc/avr/4.3.3/avr5\libgcc.a(_pack_sf.o)
 .data          0x008000a0        0x0 d:/iti_9_month_scholarship/embedded/tools/discovery/tools/winavr_20100110/bin/../lib/gcc/avr/4.3.3/avr5\libgcc.a(_unpack_sf.o)
 .data          0x008000a0        0x0 d:/iti_9_month_scholarship/embedded/tools/discovery/tools/winavr_20100110/bin/../lib/gcc/avr/4.3.3/avr5\libgcc.a(_fpcmp_parts_sf.o)
 *(.data*)
 *(.rodata)
 *(.rodata*)
 .rodata.C.6.1337
                0x008000a0        0x8 ./APP/main.o
 .rodata.C.5.1336
                0x008000a8        0x8 ./APP/main.o
 .rodata.C.4.1335
                0x008000b0        0x8 ./APP/main.o
 .rodata.C.3.1334
                0x008000b8        0x8 ./APP/main.o
 .rodata.C.2.1333
                0x008000c0        0x8 ./APP/main.o
 .rodata.C.1.1332
                0x008000c8        0x8 ./APP/main.o
 .rodata.C.0.1331
                0x008000d0        0x8 ./APP/main.o
 *(.gnu.linkonce.d*)
                0x008000d8                . = ALIGN (0x2)
                0x008000d8                _edata = .
                0x008000d8                PROVIDE (__data_end, .)

.bss            0x008000d8        0x0
                0x008000d8                PROVIDE (__bss_start, .)
 *(.bss)
 .bss           0x008000d8        0x0 d:/iti_9_month_scholarship/embedded/tools/discovery/tools/winavr_20100110/bin/../lib/gcc/avr/4.3.3/../../../../avr/lib/avr5/crtm32.o
 .bss           0x008000d8        0x0 ./MCAL/Adc.o
 .bss           0x008000d8        0x0 ./MCAL/Dio.o
 .bss           0x008000d8        0x0 ./MCAL/Port.o
 .bss           0x008000d8        0x0 ./HAL/Lcd.o
 .bss           0x008000d8        0x0 ./HAL/Lcd_prv.o
 .bss           0x008000d8        0x0 ./APP/main.o
 .bss           0x008000d8        0x0 d:/iti_9_month_scholarship/embedded/tools/discovery/tools/winavr_20100110/bin/../lib/gcc/avr/4.3.3/avr5\libgcc.a(_exit.o)
 .bss           0x008000d8        0x0 d:/iti_9_month_scholarship/embedded/tools/discovery/tools/winavr_20100110/bin/../lib/gcc/avr/4.3.3/avr5\libgcc.a(_copy_data.o)
 .bss           0x008000d8        0x0 d:/iti_9_month_scholarship/embedded/tools/discovery/tools/winavr_20100110/bin/../lib/gcc/avr/4.3.3/avr5\libgcc.a(_fixunssfsi.o)
 .bss           0x008000d8        0x0 d:/iti_9_month_scholarship/embedded/tools/discovery/tools/winavr_20100110/bin/../lib/gcc/avr/4.3.3/avr5\libgcc.a(_addsub_sf.o)
 .bss           0x008000d8        0x0 d:/iti_9_month_scholarship/embedded/tools/discovery/tools/winavr_20100110/bin/../lib/gcc/avr/4.3.3/avr5\libgcc.a(_mul_sf.o)
 .bss           0x008000d8        0x0 d:/iti_9_month_scholarship/embedded/tools/discovery/tools/winavr_20100110/bin/../lib/gcc/avr/4.3.3/avr5\libgcc.a(_gt_sf.o)
 .bss           0x008000d8        0x0 d:/iti_9_month_scholarship/embedded/tools/discovery/tools/winavr_20100110/bin/../lib/gcc/avr/4.3.3/avr5\libgcc.a(_ge_sf.o)
 .bss           0x008000d8        0x0 d:/iti_9_month_scholarship/embedded/tools/discovery/tools/winavr_20100110/bin/../lib/gcc/avr/4.3.3/avr5\libgcc.a(_lt_sf.o)
 .bss           0x008000d8        0x0 d:/iti_9_month_scholarship/embedded/tools/discovery/tools/winavr_20100110/bin/../lib/gcc/avr/4.3.3/avr5\libgcc.a(_sf_to_si.o)
 .bss           0x008000d8        0x0 d:/iti_9_month_scholarship/embedded/tools/discovery/tools/winavr_20100110/bin/../lib/gcc/avr/4.3.3/avr5\libgcc.a(_thenan_sf.o)
 .bss           0x008000d8        0x0 d:/iti_9_month_scholarship/embedded/tools/discovery/tools/winavr_20100110/bin/../lib/gcc/avr/4.3.3/avr5\libgcc.a(_prologue.o)
 .bss           0x008000d8        0x0 d:/iti_9_month_scholarship/embedded/tools/discovery/tools/winavr_20100110/bin/../lib/gcc/avr/4.3.3/avr5\libgcc.a(_epilogue.o)
 .bss           0x008000d8        0x0 d:/iti_9_month_scholarship/embedded/tools/discovery/tools/winavr_20100110/bin/../lib/gcc/avr/4.3.3/avr5\libgcc.a(_pack_sf.o)
 .bss           0x008000d8        0x0 d:/iti_9_month_scholarship/embedded/tools/discovery/tools/winavr_20100110/bin/../lib/gcc/avr/4.3.3/avr5\libgcc.a(_unpack_sf.o)
 .bss           0x008000d8        0x0 d:/iti_9_month_scholarship/embedded/tools/discovery/tools/winavr_20100110/bin/../lib/gcc/avr/4.3.3/avr5\libgcc.a(_fpcmp_parts_sf.o)
 *(.bss*)
 *(COMMON)
                0x008000d8                PROVIDE (__bss_end, .)
                0x0000303a                __data_load_start = LOADADDR (.data)
                0x000030b2                __data_load_end = (__data_load_start + SIZEOF (.data))

.noinit         0x008000d8        0x0
                0x008000d8                PROVIDE (__noinit_start, .)
 *(.noinit*)
                0x008000d8                PROVIDE (__noinit_end, .)
                0x008000d8                _end = .
                0x008000d8                PROVIDE (__heap_start, .)

.eeprom         0x00810000        0x0
 *(.eeprom*)
                0x00810000                __eeprom_end = .

.fuse
 *(.fuse)
 *(.lfuse)
 *(.hfuse)
 *(.efuse)

.lock
 *(.lock*)

.signature
 *(.signature*)

.stab           0x00000000     0x2a60
 *(.stab)
 .stab          0x00000000      0x5ac ./MCAL/Adc.o
 .stab          0x000005ac      0x690 ./MCAL/Dio.o
                                0x960 (size before relaxing)
 .stab          0x00000c3c      0x624 ./MCAL/Port.o
                                0x8f4 (size before relaxing)
 .stab          0x00001260      0xee8 ./HAL/Lcd.o
                               0x1074 (size before relaxing)
 .stab          0x00002148       0xd8 ./HAL/Lcd_prv.o
                                 0xe4 (size before relaxing)
 .stab          0x00002220      0x840 ./APP/main.o
                                0x9e4 (size before relaxing)

.stabstr        0x00000000     0x13bf
 *(.stabstr)
 .stabstr       0x00000000     0x13bf ./MCAL/Adc.o

.stab.excl
 *(.stab.excl)

.stab.exclstr
 *(.stab.exclstr)

.stab.index
 *(.stab.index)

.stab.indexstr
 *(.stab.indexstr)

.comment
 *(.comment)

.debug
 *(.debug)

.line
 *(.line)

.debug_srcinfo
 *(.debug_srcinfo)

.debug_sfnames
 *(.debug_sfnames)

.debug_aranges  0x00000000      0x140
 *(.debug_aranges)
 .debug_aranges
                0x00000000       0x20 d:/iti_9_month_scholarship/embedded/tools/discovery/tools/winavr_20100110/bin/../lib/gcc/avr/4.3.3/avr5\libgcc.a(_fixunssfsi.o)
 .debug_aranges
                0x00000020       0x20 d:/iti_9_month_scholarship/embedded/tools/discovery/tools/winavr_20100110/bin/../lib/gcc/avr/4.3.3/avr5\libgcc.a(_addsub_sf.o)
 .debug_aranges
                0x00000040       0x20 d:/iti_9_month_scholarship/embedded/tools/discovery/tools/winavr_20100110/bin/../lib/gcc/avr/4.3.3/avr5\libgcc.a(_mul_sf.o)
 .debug_aranges
                0x00000060       0x20 d:/iti_9_month_scholarship/embedded/tools/discovery/tools/winavr_20100110/bin/../lib/gcc/avr/4.3.3/avr5\libgcc.a(_gt_sf.o)
 .debug_aranges
                0x00000080       0x20 d:/iti_9_month_scholarship/embedded/tools/discovery/tools/winavr_20100110/bin/../lib/gcc/avr/4.3.3/avr5\libgcc.a(_ge_sf.o)
 .debug_aranges
                0x000000a0       0x20 d:/iti_9_month_scholarship/embedded/tools/discovery/tools/winavr_20100110/bin/../lib/gcc/avr/4.3.3/avr5\libgcc.a(_lt_sf.o)
 .debug_aranges
                0x000000c0       0x20 d:/iti_9_month_scholarship/embedded/tools/discovery/tools/winavr_20100110/bin/../lib/gcc/avr/4.3.3/avr5\libgcc.a(_sf_to_si.o)
 .debug_aranges
                0x000000e0       0x20 d:/iti_9_month_scholarship/embedded/tools/discovery/tools/winavr_20100110/bin/../lib/gcc/avr/4.3.3/avr5\libgcc.a(_pack_sf.o)
 .debug_aranges
                0x00000100       0x20 d:/iti_9_month_scholarship/embedded/tools/discovery/tools/winavr_20100110/bin/../lib/gcc/avr/4.3.3/avr5\libgcc.a(_unpack_sf.o)
 .debug_aranges
                0x00000120       0x20 d:/iti_9_month_scholarship/embedded/tools/discovery/tools/winavr_20100110/bin/../lib/gcc/avr/4.3.3/avr5\libgcc.a(_fpcmp_parts_sf.o)

.debug_pubnames
                0x00000000      0x170
 *(.debug_pubnames)
 .debug_pubnames
                0x00000000       0x23 d:/iti_9_month_scholarship/embedded/tools/discovery/tools/winavr_20100110/bin/../lib/gcc/avr/4.3.3/avr5\libgcc.a(_fixunssfsi.o)
 .debug_pubnames
                0x00000023       0x2c d:/iti_9_month_scholarship/embedded/tools/discovery/tools/winavr_20100110/bin/../lib/gcc/avr/4.3.3/avr5\libgcc.a(_addsub_sf.o)
 .debug_pubnames
                0x0000004f       0x1f d:/iti_9_month_scholarship/embedded/tools/discovery/tools/winavr_20100110/bin/../lib/gcc/avr/4.3.3/avr5\libgcc.a(_mul_sf.o)
 .debug_pubnames
                0x0000006e       0x1e d:/iti_9_month_scholarship/embedded/tools/discovery/tools/winavr_20100110/bin/../lib/gcc/avr/4.3.3/avr5\libgcc.a(_gt_sf.o)
 .debug_pubnames
                0x0000008c       0x1e d:/iti_9_month_scholarship/embedded/tools/discovery/tools/winavr_20100110/bin/../lib/gcc/avr/4.3.3/avr5\libgcc.a(_ge_sf.o)
 .debug_pubnames
                0x000000aa       0x1e d:/iti_9_month_scholarship/embedded/tools/discovery/tools/winavr_20100110/bin/../lib/gcc/avr/4.3.3/avr5\libgcc.a(_lt_sf.o)
 .debug_pubnames
                0x000000c8       0x20 d:/iti_9_month_scholarship/embedded/tools/discovery/tools/winavr_20100110/bin/../lib/gcc/avr/4.3.3/avr5\libgcc.a(_sf_to_si.o)
 .debug_pubnames
                0x000000e8       0x22 d:/iti_9_month_scholarship/embedded/tools/discovery/tools/winavr_20100110/bin/../lib/gcc/avr/4.3.3/avr5\libgcc.a(_thenan_sf.o)
 .debug_pubnames
                0x0000010a       0x1f d:/iti_9_month_scholarship/embedded/tools/discovery/tools/winavr_20100110/bin/../lib/gcc/avr/4.3.3/avr5\libgcc.a(_pack_sf.o)
 .debug_pubnames
                0x00000129       0x21 d:/iti_9_month_scholarship/embedded/tools/discovery/tools/winavr_20100110/bin/../lib/gcc/avr/4.3.3/avr5\libgcc.a(_unpack_sf.o)
 .debug_pubnames
                0x0000014a       0x26 d:/iti_9_month_scholarship/embedded/tools/discovery/tools/winavr_20100110/bin/../lib/gcc/avr/4.3.3/avr5\libgcc.a(_fpcmp_parts_sf.o)

.debug_info     0x00000000     0x1c49
 *(.debug_info)
 .debug_info    0x00000000       0xb1 d:/iti_9_month_scholarship/embedded/tools/discovery/tools/winavr_20100110/bin/../lib/gcc/avr/4.3.3/avr5\libgcc.a(_fixunssfsi.o)
 .debug_info    0x000000b1      0x47a d:/iti_9_month_scholarship/embedded/tools/discovery/tools/winavr_20100110/bin/../lib/gcc/avr/4.3.3/avr5\libgcc.a(_addsub_sf.o)
 .debug_info    0x0000052b      0x485 d:/iti_9_month_scholarship/embedded/tools/discovery/tools/winavr_20100110/bin/../lib/gcc/avr/4.3.3/avr5\libgcc.a(_mul_sf.o)
 .debug_info    0x000009b0      0x27f d:/iti_9_month_scholarship/embedded/tools/discovery/tools/winavr_20100110/bin/../lib/gcc/avr/4.3.3/avr5\libgcc.a(_gt_sf.o)
 .debug_info    0x00000c2f      0x27f d:/iti_9_month_scholarship/embedded/tools/discovery/tools/winavr_20100110/bin/../lib/gcc/avr/4.3.3/avr5\libgcc.a(_ge_sf.o)
 .debug_info    0x00000eae      0x27f d:/iti_9_month_scholarship/embedded/tools/discovery/tools/winavr_20100110/bin/../lib/gcc/avr/4.3.3/avr5\libgcc.a(_lt_sf.o)
 .debug_info    0x0000112d      0x2b0 d:/iti_9_month_scholarship/embedded/tools/discovery/tools/winavr_20100110/bin/../lib/gcc/avr/4.3.3/avr5\libgcc.a(_sf_to_si.o)
 .debug_info    0x000013dd      0x12c d:/iti_9_month_scholarship/embedded/tools/discovery/tools/winavr_20100110/bin/../lib/gcc/avr/4.3.3/avr5\libgcc.a(_thenan_sf.o)
 .debug_info    0x00001509      0x2df d:/iti_9_month_scholarship/embedded/tools/discovery/tools/winavr_20100110/bin/../lib/gcc/avr/4.3.3/avr5\libgcc.a(_pack_sf.o)
 .debug_info    0x000017e8      0x251 d:/iti_9_month_scholarship/embedded/tools/discovery/tools/winavr_20100110/bin/../lib/gcc/avr/4.3.3/avr5\libgcc.a(_unpack_sf.o)
 .debug_info    0x00001a39      0x210 d:/iti_9_month_scholarship/embedded/tools/discovery/tools/winavr_20100110/bin/../lib/gcc/avr/4.3.3/avr5\libgcc.a(_fpcmp_parts_sf.o)
 *(.gnu.linkonce.wi.*)

.debug_abbrev   0x00000000      0xeeb
 *(.debug_abbrev)
 .debug_abbrev  0x00000000       0x5d d:/iti_9_month_scholarship/embedded/tools/discovery/tools/winavr_20100110/bin/../lib/gcc/avr/4.3.3/avr5\libgcc.a(_fixunssfsi.o)
 .debug_abbrev  0x0000005d      0x1ea d:/iti_9_month_scholarship/embedded/tools/discovery/tools/winavr_20100110/bin/../lib/gcc/avr/4.3.3/avr5\libgcc.a(_addsub_sf.o)
 .debug_abbrev  0x00000247      0x21b d:/iti_9_month_scholarship/embedded/tools/discovery/tools/winavr_20100110/bin/../lib/gcc/avr/4.3.3/avr5\libgcc.a(_mul_sf.o)
 .debug_abbrev  0x00000462      0x15a d:/iti_9_month_scholarship/embedded/tools/discovery/tools/winavr_20100110/bin/../lib/gcc/avr/4.3.3/avr5\libgcc.a(_gt_sf.o)
 .debug_abbrev  0x000005bc      0x15a d:/iti_9_month_scholarship/embedded/tools/discovery/tools/winavr_20100110/bin/../lib/gcc/avr/4.3.3/avr5\libgcc.a(_ge_sf.o)
 .debug_abbrev  0x00000716      0x15a d:/iti_9_month_scholarship/embedded/tools/discovery/tools/winavr_20100110/bin/../lib/gcc/avr/4.3.3/avr5\libgcc.a(_lt_sf.o)
 .debug_abbrev  0x00000870      0x17f d:/iti_9_month_scholarship/embedded/tools/discovery/tools/winavr_20100110/bin/../lib/gcc/avr/4.3.3/avr5\libgcc.a(_sf_to_si.o)
 .debug_abbrev  0x000009ef       0xad d:/iti_9_month_scholarship/embedded/tools/discovery/tools/winavr_20100110/bin/../lib/gcc/avr/4.3.3/avr5\libgcc.a(_thenan_sf.o)
 .debug_abbrev  0x00000a9c      0x1c0 d:/iti_9_month_scholarship/embedded/tools/discovery/tools/winavr_20100110/bin/../lib/gcc/avr/4.3.3/avr5\libgcc.a(_pack_sf.o)
 .debug_abbrev  0x00000c5c      0x154 d:/iti_9_month_scholarship/embedded/tools/discovery/tools/winavr_20100110/bin/../lib/gcc/avr/4.3.3/avr5\libgcc.a(_unpack_sf.o)
 .debug_abbrev  0x00000db0      0x13b d:/iti_9_month_scholarship/embedded/tools/discovery/tools/winavr_20100110/bin/../lib/gcc/avr/4.3.3/avr5\libgcc.a(_fpcmp_parts_sf.o)

.debug_line     0x00000000      0xdad
 *(.debug_line)
 .debug_line    0x00000000       0xa7 d:/iti_9_month_scholarship/embedded/tools/discovery/tools/winavr_20100110/bin/../lib/gcc/avr/4.3.3/avr5\libgcc.a(_fixunssfsi.o)
 .debug_line    0x000000a7      0x2af d:/iti_9_month_scholarship/embedded/tools/discovery/tools/winavr_20100110/bin/../lib/gcc/avr/4.3.3/avr5\libgcc.a(_addsub_sf.o)
 .debug_line    0x00000356      0x239 d:/iti_9_month_scholarship/embedded/tools/discovery/tools/winavr_20100110/bin/../lib/gcc/avr/4.3.3/avr5\libgcc.a(_mul_sf.o)
 .debug_line    0x0000058f       0xd3 d:/iti_9_month_scholarship/embedded/tools/discovery/tools/winavr_20100110/bin/../lib/gcc/avr/4.3.3/avr5\libgcc.a(_gt_sf.o)
 .debug_line    0x00000662       0xd3 d:/iti_9_month_scholarship/embedded/tools/discovery/tools/winavr_20100110/bin/../lib/gcc/avr/4.3.3/avr5\libgcc.a(_ge_sf.o)
 .debug_line    0x00000735       0xd3 d:/iti_9_month_scholarship/embedded/tools/discovery/tools/winavr_20100110/bin/../lib/gcc/avr/4.3.3/avr5\libgcc.a(_lt_sf.o)
 .debug_line    0x00000808      0x109 d:/iti_9_month_scholarship/embedded/tools/discovery/tools/winavr_20100110/bin/../lib/gcc/avr/4.3.3/avr5\libgcc.a(_sf_to_si.o)
 .debug_line    0x00000911       0x90 d:/iti_9_month_scholarship/embedded/tools/discovery/tools/winavr_20100110/bin/../lib/gcc/avr/4.3.3/avr5\libgcc.a(_thenan_sf.o)
 .debug_line    0x000009a1      0x18a d:/iti_9_month_scholarship/embedded/tools/discovery/tools/winavr_20100110/bin/../lib/gcc/avr/4.3.3/avr5\libgcc.a(_pack_sf.o)
 .debug_line    0x00000b2b      0x14b d:/iti_9_month_scholarship/embedded/tools/discovery/tools/winavr_20100110/bin/../lib/gcc/avr/4.3.3/avr5\libgcc.a(_unpack_sf.o)
 .debug_line    0x00000c76      0x137 d:/iti_9_month_scholarship/embedded/tools/discovery/tools/winavr_20100110/bin/../lib/gcc/avr/4.3.3/avr5\libgcc.a(_fpcmp_parts_sf.o)

.debug_frame    0x00000000      0x160
 *(.debug_frame)
 .debug_frame   0x00000000       0x20 d:/iti_9_month_scholarship/embedded/tools/discovery/tools/winavr_20100110/bin/../lib/gcc/avr/4.3.3/avr5\libgcc.a(_fixunssfsi.o)
 .debug_frame   0x00000020       0x40 d:/iti_9_month_scholarship/embedded/tools/discovery/tools/winavr_20100110/bin/../lib/gcc/avr/4.3.3/avr5\libgcc.a(_addsub_sf.o)
 .debug_frame   0x00000060       0x20 d:/iti_9_month_scholarship/embedded/tools/discovery/tools/winavr_20100110/bin/../lib/gcc/avr/4.3.3/avr5\libgcc.a(_mul_sf.o)
 .debug_frame   0x00000080       0x20 d:/iti_9_month_scholarship/embedded/tools/discovery/tools/winavr_20100110/bin/../lib/gcc/avr/4.3.3/avr5\libgcc.a(_gt_sf.o)
 .debug_frame   0x000000a0       0x20 d:/iti_9_month_scholarship/embedded/tools/discovery/tools/winavr_20100110/bin/../lib/gcc/avr/4.3.3/avr5\libgcc.a(_ge_sf.o)
 .debug_frame   0x000000c0       0x20 d:/iti_9_month_scholarship/embedded/tools/discovery/tools/winavr_20100110/bin/../lib/gcc/avr/4.3.3/avr5\libgcc.a(_lt_sf.o)
 .debug_frame   0x000000e0       0x20 d:/iti_9_month_scholarship/embedded/tools/discovery/tools/winavr_20100110/bin/../lib/gcc/avr/4.3.3/avr5\libgcc.a(_sf_to_si.o)
 .debug_frame   0x00000100       0x20 d:/iti_9_month_scholarship/embedded/tools/discovery/tools/winavr_20100110/bin/../lib/gcc/avr/4.3.3/avr5\libgcc.a(_pack_sf.o)
 .debug_frame   0x00000120       0x20 d:/iti_9_month_scholarship/embedded/tools/discovery/tools/winavr_20100110/bin/../lib/gcc/avr/4.3.3/avr5\libgcc.a(_unpack_sf.o)
 .debug_frame   0x00000140       0x20 d:/iti_9_month_scholarship/embedded/tools/discovery/tools/winavr_20100110/bin/../lib/gcc/avr/4.3.3/avr5\libgcc.a(_fpcmp_parts_sf.o)

.debug_str      0x00000000      0x28d
 *(.debug_str)
 .debug_str     0x00000000       0xbf d:/iti_9_month_scholarship/embedded/tools/discovery/tools/winavr_20100110/bin/../lib/gcc/avr/4.3.3/avr5\libgcc.a(_fixunssfsi.o)
                                 0xfe (size before relaxing)
 .debug_str     0x000000bf      0x14d d:/iti_9_month_scholarship/embedded/tools/discovery/tools/winavr_20100110/bin/../lib/gcc/avr/4.3.3/avr5\libgcc.a(_addsub_sf.o)
                                0x206 (size before relaxing)
 .debug_str     0x0000020c       0x27 d:/iti_9_month_scholarship/embedded/tools/discovery/tools/winavr_20100110/bin/../lib/gcc/avr/4.3.3/avr5\libgcc.a(_mul_sf.o)
                                0x1bf (size before relaxing)
 .debug_str     0x00000233        0xf d:/iti_9_month_scholarship/embedded/tools/discovery/tools/winavr_20100110/bin/../lib/gcc/avr/4.3.3/avr5\libgcc.a(_gt_sf.o)
                                0x195 (size before relaxing)
 .debug_str     0x00000242        0x8 d:/iti_9_month_scholarship/embedded/tools/discovery/tools/winavr_20100110/bin/../lib/gcc/avr/4.3.3/avr5\libgcc.a(_ge_sf.o)
                                0x195 (size before relaxing)
 .debug_str     0x0000024a        0x8 d:/iti_9_month_scholarship/embedded/tools/discovery/tools/winavr_20100110/bin/../lib/gcc/avr/4.3.3/avr5\libgcc.a(_lt_sf.o)
                                0x195 (size before relaxing)
 .debug_str     0x00000252        0xa d:/iti_9_month_scholarship/embedded/tools/discovery/tools/winavr_20100110/bin/../lib/gcc/avr/4.3.3/avr5\libgcc.a(_sf_to_si.o)
                                0x19e (size before relaxing)
 .debug_str     0x00000000      0x103 d:/iti_9_month_scholarship/embedded/tools/discovery/tools/winavr_20100110/bin/../lib/gcc/avr/4.3.3/avr5\libgcc.a(_thenan_sf.o)
 .debug_str     0x0000025c       0x16 d:/iti_9_month_scholarship/embedded/tools/discovery/tools/winavr_20100110/bin/../lib/gcc/avr/4.3.3/avr5\libgcc.a(_pack_sf.o)
                                0x19d (size before relaxing)
 .debug_str     0x00000272        0xb d:/iti_9_month_scholarship/embedded/tools/discovery/tools/winavr_20100110/bin/../lib/gcc/avr/4.3.3/avr5\libgcc.a(_unpack_sf.o)
                                0x17f (size before relaxing)
 .debug_str     0x0000027d       0x10 d:/iti_9_month_scholarship/embedded/tools/discovery/tools/winavr_20100110/bin/../lib/gcc/avr/4.3.3/avr5\libgcc.a(_fpcmp_parts_sf.o)
                                0x163 (size before relaxing)

.debug_loc      0x00000000      0x7ce
 *(.debug_loc)
 .debug_loc     0x00000000       0x34 d:/iti_9_month_scholarship/embedded/tools/discovery/tools/winavr_20100110/bin/../lib/gcc/avr/4.3.3/avr5\libgcc.a(_fixunssfsi.o)
 .debug_loc     0x00000034      0x32a d:/iti_9_month_scholarship/embedded/tools/discovery/tools/winavr_20100110/bin/../lib/gcc/avr/4.3.3/avr5\libgcc.a(_addsub_sf.o)
 .debug_loc     0x0000035e      0x104 d:/iti_9_month_scholarship/embedded/tools/discovery/tools/winavr_20100110/bin/../lib/gcc/avr/4.3.3/avr5\libgcc.a(_mul_sf.o)
 .debug_loc     0x00000462       0x3c d:/iti_9_month_scholarship/embedded/tools/discovery/tools/winavr_20100110/bin/../lib/gcc/avr/4.3.3/avr5\libgcc.a(_gt_sf.o)
 .debug_loc     0x0000049e       0x3c d:/iti_9_month_scholarship/embedded/tools/discovery/tools/winavr_20100110/bin/../lib/gcc/avr/4.3.3/avr5\libgcc.a(_ge_sf.o)
 .debug_loc     0x000004da       0x3c d:/iti_9_month_scholarship/embedded/tools/discovery/tools/winavr_20100110/bin/../lib/gcc/avr/4.3.3/avr5\libgcc.a(_lt_sf.o)
 .debug_loc     0x00000516       0x7e d:/iti_9_month_scholarship/embedded/tools/discovery/tools/winavr_20100110/bin/../lib/gcc/avr/4.3.3/avr5\libgcc.a(_sf_to_si.o)
 .debug_loc     0x00000594      0x13e d:/iti_9_month_scholarship/embedded/tools/discovery/tools/winavr_20100110/bin/../lib/gcc/avr/4.3.3/avr5\libgcc.a(_pack_sf.o)
 .debug_loc     0x000006d2       0xac d:/iti_9_month_scholarship/embedded/tools/discovery/tools/winavr_20100110/bin/../lib/gcc/avr/4.3.3/avr5\libgcc.a(_unpack_sf.o)
 .debug_loc     0x0000077e       0x50 d:/iti_9_month_scholarship/embedded/tools/discovery/tools/winavr_20100110/bin/../lib/gcc/avr/4.3.3/avr5\libgcc.a(_fpcmp_parts_sf.o)

.debug_macinfo
 *(.debug_macinfo)
OUTPUT(Task_1_Volume.elf elf32-avr)
LOAD linker stubs

.debug_ranges   0x00000000       0x50
 .debug_ranges  0x00000000       0x50 d:/iti_9_month_scholarship/embedded/tools/discovery/tools/winavr_20100110/bin/../lib/gcc/avr/4.3.3/avr5\libgcc.a(_mul_sf.o)
