Archive member included because of file (symbol)

d:/iti_9_month_scholarship/embedded/tools/discovery/tools/winavr_20100110/bin/../lib/gcc/avr/4.3.3/avr5\libgcc.a(_exit.o)
                              d:/iti_9_month_scholarship/embedded/tools/discovery/tools/winavr_20100110/bin/../lib/gcc/avr/4.3.3/../../../../avr/lib/avr5/crtm32.o (exit)

Memory Configuration

Name             Origin             Length             Attributes
text             0x00000000         0x00020000         xr
data             0x00800060         0x0000ffa0         rw !x
eeprom           0x00810000         0x00010000         rw !x
fuse             0x00820000         0x00000400         rw !x
lock             0x00830000         0x00000400         rw !x
signature        0x00840000         0x00000400         rw !x
*default*        0x00000000         0xffffffff

Linker script and memory map

LOAD d:/iti_9_month_scholarship/embedded/tools/discovery/tools/winavr_20100110/bin/../lib/gcc/avr/4.3.3/../../../../avr/lib/avr5/crtm32.o
LOAD ./MCAL/Adc.o
LOAD ./MCAL/Dio.o
LOAD ./MCAL/Port.o
LOAD ./APP/main.o
LOAD d:/iti_9_month_scholarship/embedded/tools/discovery/tools/winavr_20100110/bin/../lib/gcc/avr/4.3.3/avr5\libgcc.a
LOAD d:/iti_9_month_scholarship/embedded/tools/discovery/tools/winavr_20100110/bin/../lib/gcc/avr/4.3.3/../../../../avr/lib/avr5\libc.a
LOAD d:/iti_9_month_scholarship/embedded/tools/discovery/tools/winavr_20100110/bin/../lib/gcc/avr/4.3.3/avr5\libgcc.a

.hash
 *(.hash)

.dynsym
 *(.dynsym)

.dynstr
 *(.dynstr)

.gnu.version
 *(.gnu.version)

.gnu.version_d
 *(.gnu.version_d)

.gnu.version_r
 *(.gnu.version_r)

.rel.init
 *(.rel.init)

.rela.init
 *(.rela.init)

.rel.text
 *(.rel.text)
 *(.rel.text.*)
 *(.rel.gnu.linkonce.t*)

.rela.text
 *(.rela.text)
 *(.rela.text.*)
 *(.rela.gnu.linkonce.t*)

.rel.fini
 *(.rel.fini)

.rela.fini
 *(.rela.fini)

.rel.rodata
 *(.rel.rodata)
 *(.rel.rodata.*)
 *(.rel.gnu.linkonce.r*)

.rela.rodata
 *(.rela.rodata)
 *(.rela.rodata.*)
 *(.rela.gnu.linkonce.r*)

.rel.data
 *(.rel.data)
 *(.rel.data.*)
 *(.rel.gnu.linkonce.d*)

.rela.data
 *(.rela.data)
 *(.rela.data.*)
 *(.rela.gnu.linkonce.d*)

.rel.ctors
 *(.rel.ctors)

.rela.ctors
 *(.rela.ctors)

.rel.dtors
 *(.rel.dtors)

.rela.dtors
 *(.rela.dtors)

.rel.got
 *(.rel.got)

.rela.got
 *(.rela.got)

.rel.bss
 *(.rel.bss)

.rela.bss
 *(.rela.bss)

.rel.plt
 *(.rel.plt)

.rela.plt
 *(.rela.plt)

.text           0x00000000     0x103e
 *(.vectors)
 .vectors       0x00000000       0x54 d:/iti_9_month_scholarship/embedded/tools/discovery/tools/winavr_20100110/bin/../lib/gcc/avr/4.3.3/../../../../avr/lib/avr5/crtm32.o
                0x00000000                __vectors
                0x00000000                __vector_default
 *(.vectors)
 *(.progmem.gcc*)
 *(.progmem*)
                0x00000054                . = ALIGN (0x2)
                0x00000054                __trampolines_start = .
 *(.trampolines)
 .trampolines   0x00000054        0x0 linker stubs
 *(.trampolines*)
                0x00000054                __trampolines_end = .
 *(.jumptables)
 *(.jumptables*)
 *(.lowtext)
 *(.lowtext*)
                0x00000054                __ctors_start = .
 *(.ctors)
                0x00000054                __ctors_end = .
                0x00000054                __dtors_start = .
 *(.dtors)
                0x00000054                __dtors_end = .
 SORT(*)(.ctors)
 SORT(*)(.dtors)
 *(.init0)
 .init0         0x00000054        0x0 d:/iti_9_month_scholarship/embedded/tools/discovery/tools/winavr_20100110/bin/../lib/gcc/avr/4.3.3/../../../../avr/lib/avr5/crtm32.o
                0x00000054                __init
 *(.init0)
 *(.init1)
 *(.init1)
 *(.init2)
 .init2         0x00000054        0xc d:/iti_9_month_scholarship/embedded/tools/discovery/tools/winavr_20100110/bin/../lib/gcc/avr/4.3.3/../../../../avr/lib/avr5/crtm32.o
 *(.init2)
 *(.init3)
 *(.init3)
 *(.init4)
 *(.init4)
 *(.init5)
 *(.init5)
 *(.init6)
 *(.init6)
 *(.init7)
 *(.init7)
 *(.init8)
 *(.init8)
 *(.init9)
 .init9         0x00000060        0x8 d:/iti_9_month_scholarship/embedded/tools/discovery/tools/winavr_20100110/bin/../lib/gcc/avr/4.3.3/../../../../avr/lib/avr5/crtm32.o
 *(.init9)
 *(.text)
 .text          0x00000068        0x4 d:/iti_9_month_scholarship/embedded/tools/discovery/tools/winavr_20100110/bin/../lib/gcc/avr/4.3.3/../../../../avr/lib/avr5/crtm32.o
                0x00000068                __vector_1
                0x00000068                __vector_12
                0x00000068                __bad_interrupt
                0x00000068                __vector_6
                0x00000068                __vector_3
                0x00000068                __vector_11
                0x00000068                __vector_13
                0x00000068                __vector_17
                0x00000068                __vector_19
                0x00000068                __vector_7
                0x00000068                __vector_5
                0x00000068                __vector_4
                0x00000068                __vector_9
                0x00000068                __vector_2
                0x00000068                __vector_15
                0x00000068                __vector_8
                0x00000068                __vector_14
                0x00000068                __vector_10
                0x00000068                __vector_16
                0x00000068                __vector_18
                0x00000068                __vector_20
 .text          0x0000006c        0x0 ./MCAL/Adc.o
 .text          0x0000006c        0x0 ./MCAL/Dio.o
 .text          0x0000006c        0x0 ./MCAL/Port.o
 .text          0x0000006c        0x0 ./APP/main.o
 .text          0x0000006c        0x0 d:/iti_9_month_scholarship/embedded/tools/discovery/tools/winavr_20100110/bin/../lib/gcc/avr/4.3.3/avr5\libgcc.a(_exit.o)
                0x0000006c                . = ALIGN (0x2)
 *(.text.*)
 .text.Adc_vidInit
                0x0000006c       0x2e ./MCAL/Adc.o
                0x0000006c                Adc_vidInit
 .text.Adc_vidControl
                0x0000009a       0x22 ./MCAL/Adc.o
                0x0000009a                Adc_vidControl
 .text.Adc_vidStartConversion
                0x000000bc       0x1c ./MCAL/Adc.o
                0x000000bc                Adc_vidStartConversion
 .text.Adc_u16GetResult
                0x000000d8       0x44 ./MCAL/Adc.o
                0x000000d8                Adc_u16GetResult
 .text.Adc_u8GetInterruptFlagValue
                0x0000011c       0x1a ./MCAL/Adc.o
                0x0000011c                Adc_u8GetInterruptFlagValue
 .text.Adc_vidClearInterruptFlag
                0x00000136       0x1c ./MCAL/Adc.o
 .text.Dio_enuWriteChannelId
                0x00000152      0x20e ./MCAL/Dio.o
                0x00000152                Dio_enuWriteChannelId
 .text.Dio_enuReadChannelId
                0x00000360      0x130 ./MCAL/Dio.o
                0x00000360                Dio_enuReadChannelId
 .text.Dio_enuWritePort
                0x00000490       0x98 ./MCAL/Dio.o
                0x00000490                Dio_enuWritePort
 .text.Dio_enuReadPort
                0x00000528       0xac ./MCAL/Dio.o
                0x00000528                Dio_enuReadPort
 .text.Dio_enuFlipChannel
                0x000005d4      0x122 ./MCAL/Dio.o
                0x000005d4                Dio_enuFlipChannel
 .text.Port_enuSetPinDir
                0x000006f6      0x1f8 ./MCAL/Port.o
                0x000006f6                Port_enuSetPinDir
 .text.Port_enuSetPinMode
                0x000008ee      0x682 ./MCAL/Port.o
                0x000008ee                Port_enuSetPinMode
 .text.Port_vidInit
                0x00000f70       0x4c ./MCAL/Port.o
                0x00000f70                Port_vidInit
 .text.main     0x00000fbc       0x7e ./APP/main.o
                0x00000fbc                main
 .text.libgcc   0x0000103a        0x0 d:/iti_9_month_scholarship/embedded/tools/discovery/tools/winavr_20100110/bin/../lib/gcc/avr/4.3.3/avr5\libgcc.a(_exit.o)
                0x0000103a                . = ALIGN (0x2)
 *(.fini9)
 .fini9         0x0000103a        0x0 d:/iti_9_month_scholarship/embedded/tools/discovery/tools/winavr_20100110/bin/../lib/gcc/avr/4.3.3/avr5\libgcc.a(_exit.o)
                0x0000103a                exit
                0x0000103a                _exit
 *(.fini9)
 *(.fini8)
 *(.fini8)
 *(.fini7)
 *(.fini7)
 *(.fini6)
 *(.fini6)
 *(.fini5)
 *(.fini5)
 *(.fini4)
 *(.fini4)
 *(.fini3)
 *(.fini3)
 *(.fini2)
 *(.fini2)
 *(.fini1)
 *(.fini1)
 *(.fini0)
 .fini0         0x0000103a        0x4 d:/iti_9_month_scholarship/embedded/tools/discovery/tools/winavr_20100110/bin/../lib/gcc/avr/4.3.3/avr5\libgcc.a(_exit.o)
 *(.fini0)
                0x0000103e                _etext = .

.data           0x00800060        0x0 load address 0x0000103e
                0x00800060                PROVIDE (__data_start, .)
 *(.data)
 .data          0x00800060        0x0 d:/iti_9_month_scholarship/embedded/tools/discovery/tools/winavr_20100110/bin/../lib/gcc/avr/4.3.3/../../../../avr/lib/avr5/crtm32.o
 .data          0x00800060        0x0 ./MCAL/Adc.o
 .data          0x00800060        0x0 ./MCAL/Dio.o
 .data          0x00800060        0x0 ./MCAL/Port.o
 .data          0x00800060        0x0 ./APP/main.o
 .data          0x00800060        0x0 d:/iti_9_month_scholarship/embedded/tools/discovery/tools/winavr_20100110/bin/../lib/gcc/avr/4.3.3/avr5\libgcc.a(_exit.o)
 *(.data*)
 *(.rodata)
 *(.rodata*)
 *(.gnu.linkonce.d*)
                0x00800060                . = ALIGN (0x2)
                0x00800060                _edata = .
                0x00800060                PROVIDE (__data_end, .)

.bss            0x00800060        0x0
                0x00800060                PROVIDE (__bss_start, .)
 *(.bss)
 .bss           0x00800060        0x0 d:/iti_9_month_scholarship/embedded/tools/discovery/tools/winavr_20100110/bin/../lib/gcc/avr/4.3.3/../../../../avr/lib/avr5/crtm32.o
 .bss           0x00800060        0x0 ./MCAL/Adc.o
 .bss           0x00800060        0x0 ./MCAL/Dio.o
 .bss           0x00800060        0x0 ./MCAL/Port.o
 .bss           0x00800060        0x0 ./APP/main.o
 .bss           0x00800060        0x0 d:/iti_9_month_scholarship/embedded/tools/discovery/tools/winavr_20100110/bin/../lib/gcc/avr/4.3.3/avr5\libgcc.a(_exit.o)
 *(.bss*)
 *(COMMON)
                0x00800060                PROVIDE (__bss_end, .)
                0x0000103e                __data_load_start = LOADADDR (.data)
                0x0000103e                __data_load_end = (__data_load_start + SIZEOF (.data))

.noinit         0x00800060        0x0
                0x00800060                PROVIDE (__noinit_start, .)
 *(.noinit*)
                0x00800060                PROVIDE (__noinit_end, .)
                0x00800060                _end = .
                0x00800060                PROVIDE (__heap_start, .)

.eeprom         0x00810000        0x0
 *(.eeprom*)
                0x00810000                __eeprom_end = .

.fuse
 *(.fuse)
 *(.lfuse)
 *(.hfuse)
 *(.efuse)

.lock
 *(.lock*)

.signature
 *(.signature*)

.stab           0x00000000     0x1620
 *(.stab)
 .stab          0x00000000      0x5ac ./MCAL/Adc.o
 .stab          0x000005ac      0x690 ./MCAL/Dio.o
                                0x960 (size before relaxing)
 .stab          0x00000c3c      0x624 ./MCAL/Port.o
                                0x8f4 (size before relaxing)
 .stab          0x00001260      0x3c0 ./APP/main.o
                                0x57c (size before relaxing)

.stabstr        0x00000000     0x1070
 *(.stabstr)
 .stabstr       0x00000000     0x1070 ./MCAL/Adc.o

.stab.excl
 *(.stab.excl)

.stab.exclstr
 *(.stab.exclstr)

.stab.index
 *(.stab.index)

.stab.indexstr
 *(.stab.indexstr)

.comment
 *(.comment)

.debug
 *(.debug)

.line
 *(.line)

.debug_srcinfo
 *(.debug_srcinfo)

.debug_sfnames
 *(.debug_sfnames)

.debug_aranges
 *(.debug_aranges)

.debug_pubnames
 *(.debug_pubnames)

.debug_info
 *(.debug_info)
 *(.gnu.linkonce.wi.*)

.debug_abbrev
 *(.debug_abbrev)

.debug_line
 *(.debug_line)

.debug_frame
 *(.debug_frame)

.debug_str
 *(.debug_str)

.debug_loc
 *(.debug_loc)

.debug_macinfo
 *(.debug_macinfo)
OUTPUT(Adc_driver.elf elf32-avr)
LOAD linker stubs
