Archive member included because of file (symbol)

d:/iti_9_month_scholarship/embedded/tools/discovery/tools/winavr_20100110/bin/../lib/gcc/avr/4.3.3/avr5\libgcc.a(_exit.o)
                              d:/iti_9_month_scholarship/embedded/tools/discovery/tools/winavr_20100110/bin/../lib/gcc/avr/4.3.3/../../../../avr/lib/avr5/crtm32.o (exit)
d:/iti_9_month_scholarship/embedded/tools/discovery/tools/winavr_20100110/bin/../lib/gcc/avr/4.3.3/avr5\libgcc.a(_copy_data.o)
                              ./HAL/Servo_cfg.o (__do_copy_data)
d:/iti_9_month_scholarship/embedded/tools/discovery/tools/winavr_20100110/bin/../lib/gcc/avr/4.3.3/avr5\libgcc.a(_clear_bss.o)
                              ./MCAL/Pwm.o (__do_clear_bss)

Memory Configuration

Name             Origin             Length             Attributes
text             0x00000000         0x00020000         xr
data             0x00800060         0x0000ffa0         rw !x
eeprom           0x00810000         0x00010000         rw !x
fuse             0x00820000         0x00000400         rw !x
lock             0x00830000         0x00000400         rw !x
signature        0x00840000         0x00000400         rw !x
*default*        0x00000000         0xffffffff

Linker script and memory map

LOAD d:/iti_9_month_scholarship/embedded/tools/discovery/tools/winavr_20100110/bin/../lib/gcc/avr/4.3.3/../../../../avr/lib/avr5/crtm32.o
LOAD ./MCAL/Dio.o
LOAD ./MCAL/Port.o
LOAD ./MCAL/Pwm.o
LOAD ./HAL/Servo.o
LOAD ./HAL/Servo_cfg.o
LOAD ./APP/main.o
LOAD d:/iti_9_month_scholarship/embedded/tools/discovery/tools/winavr_20100110/bin/../lib/gcc/avr/4.3.3/avr5\libgcc.a
LOAD d:/iti_9_month_scholarship/embedded/tools/discovery/tools/winavr_20100110/bin/../lib/gcc/avr/4.3.3/../../../../avr/lib/avr5\libc.a
LOAD d:/iti_9_month_scholarship/embedded/tools/discovery/tools/winavr_20100110/bin/../lib/gcc/avr/4.3.3/avr5\libgcc.a

.hash
 *(.hash)

.dynsym
 *(.dynsym)

.dynstr
 *(.dynstr)

.gnu.version
 *(.gnu.version)

.gnu.version_d
 *(.gnu.version_d)

.gnu.version_r
 *(.gnu.version_r)

.rel.init
 *(.rel.init)

.rela.init
 *(.rela.init)

.rel.text
 *(.rel.text)
 *(.rel.text.*)
 *(.rel.gnu.linkonce.t*)

.rela.text
 *(.rela.text)
 *(.rela.text.*)
 *(.rela.gnu.linkonce.t*)

.rel.fini
 *(.rel.fini)

.rela.fini
 *(.rela.fini)

.rel.rodata
 *(.rel.rodata)
 *(.rel.rodata.*)
 *(.rel.gnu.linkonce.r*)

.rela.rodata
 *(.rela.rodata)
 *(.rela.rodata.*)
 *(.rela.gnu.linkonce.r*)

.rel.data
 *(.rel.data)
 *(.rel.data.*)
 *(.rel.gnu.linkonce.d*)

.rela.data
 *(.rela.data)
 *(.rela.data.*)
 *(.rela.gnu.linkonce.d*)

.rel.ctors
 *(.rel.ctors)

.rela.ctors
 *(.rela.ctors)

.rel.dtors
 *(.rel.dtors)

.rela.dtors
 *(.rela.dtors)

.rel.got
 *(.rel.got)

.rela.got
 *(.rela.got)

.rel.bss
 *(.rel.bss)

.rela.bss
 *(.rela.bss)

.rel.plt
 *(.rel.plt)

.rela.plt
 *(.rela.plt)

.text           0x00000000     0x17ac
 *(.vectors)
 .vectors       0x00000000       0x54 d:/iti_9_month_scholarship/embedded/tools/discovery/tools/winavr_20100110/bin/../lib/gcc/avr/4.3.3/../../../../avr/lib/avr5/crtm32.o
                0x00000000                __vectors
                0x00000000                __vector_default
 *(.vectors)
 *(.progmem.gcc*)
 *(.progmem*)
                0x00000054                . = ALIGN (0x2)
                0x00000054                __trampolines_start = .
 *(.trampolines)
 .trampolines   0x00000054        0x0 linker stubs
 *(.trampolines*)
                0x00000054                __trampolines_end = .
 *(.jumptables)
 *(.jumptables*)
 *(.lowtext)
 *(.lowtext*)
                0x00000054                __ctors_start = .
 *(.ctors)
                0x00000054                __ctors_end = .
                0x00000054                __dtors_start = .
 *(.dtors)
                0x00000054                __dtors_end = .
 SORT(*)(.ctors)
 SORT(*)(.dtors)
 *(.init0)
 .init0         0x00000054        0x0 d:/iti_9_month_scholarship/embedded/tools/discovery/tools/winavr_20100110/bin/../lib/gcc/avr/4.3.3/../../../../avr/lib/avr5/crtm32.o
                0x00000054                __init
 *(.init0)
 *(.init1)
 *(.init1)
 *(.init2)
 .init2         0x00000054        0xc d:/iti_9_month_scholarship/embedded/tools/discovery/tools/winavr_20100110/bin/../lib/gcc/avr/4.3.3/../../../../avr/lib/avr5/crtm32.o
 *(.init2)
 *(.init3)
 *(.init3)
 *(.init4)
 .init4         0x00000060       0x16 d:/iti_9_month_scholarship/embedded/tools/discovery/tools/winavr_20100110/bin/../lib/gcc/avr/4.3.3/avr5\libgcc.a(_copy_data.o)
                0x00000060                __do_copy_data
 .init4         0x00000076       0x10 d:/iti_9_month_scholarship/embedded/tools/discovery/tools/winavr_20100110/bin/../lib/gcc/avr/4.3.3/avr5\libgcc.a(_clear_bss.o)
                0x00000076                __do_clear_bss
 *(.init4)
 *(.init5)
 *(.init5)
 *(.init6)
 *(.init6)
 *(.init7)
 *(.init7)
 *(.init8)
 *(.init8)
 *(.init9)
 .init9         0x00000086        0x8 d:/iti_9_month_scholarship/embedded/tools/discovery/tools/winavr_20100110/bin/../lib/gcc/avr/4.3.3/../../../../avr/lib/avr5/crtm32.o
 *(.init9)
 *(.text)
 .text          0x0000008e        0x4 d:/iti_9_month_scholarship/embedded/tools/discovery/tools/winavr_20100110/bin/../lib/gcc/avr/4.3.3/../../../../avr/lib/avr5/crtm32.o
                0x0000008e                __vector_1
                0x0000008e                __vector_12
                0x0000008e                __bad_interrupt
                0x0000008e                __vector_6
                0x0000008e                __vector_3
                0x0000008e                __vector_13
                0x0000008e                __vector_17
                0x0000008e                __vector_19
                0x0000008e                __vector_2
                0x0000008e                __vector_15
                0x0000008e                __vector_14
                0x0000008e                __vector_16
                0x0000008e                __vector_18
                0x0000008e                __vector_20
 .text          0x00000092        0x0 ./MCAL/Dio.o
 .text          0x00000092        0x0 ./MCAL/Port.o
 .text          0x00000092        0x0 ./MCAL/Pwm.o
 .text          0x00000092        0x0 ./HAL/Servo.o
 .text          0x00000092        0x0 ./HAL/Servo_cfg.o
 .text          0x00000092        0x0 ./APP/main.o
 .text          0x00000092        0x0 d:/iti_9_month_scholarship/embedded/tools/discovery/tools/winavr_20100110/bin/../lib/gcc/avr/4.3.3/avr5\libgcc.a(_exit.o)
 .text          0x00000092        0x0 d:/iti_9_month_scholarship/embedded/tools/discovery/tools/winavr_20100110/bin/../lib/gcc/avr/4.3.3/avr5\libgcc.a(_copy_data.o)
 .text          0x00000092        0x0 d:/iti_9_month_scholarship/embedded/tools/discovery/tools/winavr_20100110/bin/../lib/gcc/avr/4.3.3/avr5\libgcc.a(_clear_bss.o)
                0x00000092                . = ALIGN (0x2)
 *(.text.*)
 .text.Dio_enuWriteChannelId
                0x00000092      0x20e ./MCAL/Dio.o
                0x00000092                Dio_enuWriteChannelId
 .text.Dio_enuReadChannelId
                0x000002a0      0x130 ./MCAL/Dio.o
                0x000002a0                Dio_enuReadChannelId
 .text.Dio_enuWritePort
                0x000003d0       0x98 ./MCAL/Dio.o
                0x000003d0                Dio_enuWritePort
 .text.Dio_enuReadPort
                0x00000468       0xac ./MCAL/Dio.o
                0x00000468                Dio_enuReadPort
 .text.Dio_enuFlipChannel
                0x00000514      0x122 ./MCAL/Dio.o
                0x00000514                Dio_enuFlipChannel
 .text.Port_enuSetPinDir
                0x00000636      0x1f8 ./MCAL/Port.o
                0x00000636                Port_enuSetPinDir
 .text.Port_enuSetPinMode
                0x0000082e      0x682 ./MCAL/Port.o
                0x0000082e                Port_enuSetPinMode
 .text.Port_vidInit
                0x00000eb0       0x4c ./MCAL/Port.o
                0x00000eb0                Port_vidInit
 .text.Pwm_vidInit
                0x00000efc      0x172 ./MCAL/Pwm.o
                0x00000efc                Pwm_vidInit
 .text.Pwm_StartTimer
                0x0000106e      0x140 ./MCAL/Pwm.o
                0x0000106e                Pwm_StartTimer
 .text.Pwm_enuSetOutCompareMatchVal
                0x000011ae       0x96 ./MCAL/Pwm.o
                0x000011ae                Pwm_enuSetOutCompareMatchVal
 .text.Pwm_enuSetIcrVal
                0x00001244       0x24 ./MCAL/Pwm.o
                0x00001244                Pwm_enuSetIcrVal
 .text.Pwm_StopTimer
                0x00001268       0x6e ./MCAL/Pwm.o
                0x00001268                Pwm_StopTimer
 .text.Pwm_enuRegisterOvfCbf
                0x000012d6       0x4a ./MCAL/Pwm.o
                0x000012d6                Pwm_enuRegisterOvfCbf
 .text.Pwm_enuRegisterOcmCbf
                0x00001320       0x4a ./MCAL/Pwm.o
                0x00001320                Pwm_enuRegisterOcmCbf
 .text.__vector_11
                0x0000136a       0x66 ./MCAL/Pwm.o
                0x0000136a                __vector_11
 .text.__vector_9
                0x000013d0       0x66 ./MCAL/Pwm.o
                0x000013d0                __vector_9
 .text.__vector_5
                0x00001436       0x66 ./MCAL/Pwm.o
                0x00001436                __vector_5
 .text.__vector_10
                0x0000149c       0x66 ./MCAL/Pwm.o
                0x0000149c                __vector_10
 .text.__vector_7
                0x00001502       0x66 ./MCAL/Pwm.o
                0x00001502                __vector_7
 .text.__vector_8
                0x00001568       0x66 ./MCAL/Pwm.o
                0x00001568                __vector_8
 .text.__vector_4
                0x000015ce       0x66 ./MCAL/Pwm.o
                0x000015ce                __vector_4
 .text.Servo_vidInit
                0x00001634       0xee ./HAL/Servo.o
                0x00001634                Servo_vidInit
 .text.Servo_vidSetAngle
                0x00001722       0x1e ./HAL/Servo.o
                0x00001722                Servo_vidSetAngle
 .text.main     0x00001740       0x68 ./APP/main.o
                0x00001740                main
 .text.libgcc   0x000017a8        0x0 d:/iti_9_month_scholarship/embedded/tools/discovery/tools/winavr_20100110/bin/../lib/gcc/avr/4.3.3/avr5\libgcc.a(_exit.o)
 .text.libgcc   0x000017a8        0x0 d:/iti_9_month_scholarship/embedded/tools/discovery/tools/winavr_20100110/bin/../lib/gcc/avr/4.3.3/avr5\libgcc.a(_copy_data.o)
 .text.libgcc   0x000017a8        0x0 d:/iti_9_month_scholarship/embedded/tools/discovery/tools/winavr_20100110/bin/../lib/gcc/avr/4.3.3/avr5\libgcc.a(_clear_bss.o)
                0x000017a8                . = ALIGN (0x2)
 *(.fini9)
 .fini9         0x000017a8        0x0 d:/iti_9_month_scholarship/embedded/tools/discovery/tools/winavr_20100110/bin/../lib/gcc/avr/4.3.3/avr5\libgcc.a(_exit.o)
                0x000017a8                exit
                0x000017a8                _exit
 *(.fini9)
 *(.fini8)
 *(.fini8)
 *(.fini7)
 *(.fini7)
 *(.fini6)
 *(.fini6)
 *(.fini5)
 *(.fini5)
 *(.fini4)
 *(.fini4)
 *(.fini3)
 *(.fini3)
 *(.fini2)
 *(.fini2)
 *(.fini1)
 *(.fini1)
 *(.fini0)
 .fini0         0x000017a8        0x4 d:/iti_9_month_scholarship/embedded/tools/discovery/tools/winavr_20100110/bin/../lib/gcc/avr/4.3.3/avr5\libgcc.a(_exit.o)
 *(.fini0)
                0x000017ac                _etext = .

.data           0x00800060        0x2 load address 0x000017ac
                0x00800060                PROVIDE (__data_start, .)
 *(.data)
 .data          0x00800060        0x0 d:/iti_9_month_scholarship/embedded/tools/discovery/tools/winavr_20100110/bin/../lib/gcc/avr/4.3.3/../../../../avr/lib/avr5/crtm32.o
 .data          0x00800060        0x0 ./MCAL/Dio.o
 .data          0x00800060        0x0 ./MCAL/Port.o
 .data          0x00800060        0x0 ./MCAL/Pwm.o
 .data          0x00800060        0x0 ./HAL/Servo.o
 .data          0x00800060        0x0 ./HAL/Servo_cfg.o
 .data          0x00800060        0x0 ./APP/main.o
 .data          0x00800060        0x0 d:/iti_9_month_scholarship/embedded/tools/discovery/tools/winavr_20100110/bin/../lib/gcc/avr/4.3.3/avr5\libgcc.a(_exit.o)
 .data          0x00800060        0x0 d:/iti_9_month_scholarship/embedded/tools/discovery/tools/winavr_20100110/bin/../lib/gcc/avr/4.3.3/avr5\libgcc.a(_copy_data.o)
 .data          0x00800060        0x0 d:/iti_9_month_scholarship/embedded/tools/discovery/tools/winavr_20100110/bin/../lib/gcc/avr/4.3.3/avr5\libgcc.a(_clear_bss.o)
 *(.data*)
 *(.rodata)
 *(.rodata*)
 .rodata.Servo_Cfg
                0x00800060        0x2 ./HAL/Servo_cfg.o
                0x00800060                Servo_Cfg
 *(.gnu.linkonce.d*)
                0x00800062                . = ALIGN (0x2)
                0x00800062                _edata = .
                0x00800062                PROVIDE (__data_end, .)

.bss            0x00800062       0x14
                0x00800062                PROVIDE (__bss_start, .)
 *(.bss)
 .bss           0x00800062        0x0 d:/iti_9_month_scholarship/embedded/tools/discovery/tools/winavr_20100110/bin/../lib/gcc/avr/4.3.3/../../../../avr/lib/avr5/crtm32.o
 .bss           0x00800062        0x0 ./MCAL/Dio.o
 .bss           0x00800062        0x0 ./MCAL/Port.o
 .bss           0x00800062        0x0 ./MCAL/Pwm.o
 .bss           0x00800062        0x0 ./HAL/Servo.o
 .bss           0x00800062        0x0 ./HAL/Servo_cfg.o
 .bss           0x00800062        0x0 ./APP/main.o
 .bss           0x00800062        0x0 d:/iti_9_month_scholarship/embedded/tools/discovery/tools/winavr_20100110/bin/../lib/gcc/avr/4.3.3/avr5\libgcc.a(_exit.o)
 .bss           0x00800062        0x0 d:/iti_9_month_scholarship/embedded/tools/discovery/tools/winavr_20100110/bin/../lib/gcc/avr/4.3.3/avr5\libgcc.a(_copy_data.o)
 .bss           0x00800062        0x0 d:/iti_9_month_scholarship/embedded/tools/discovery/tools/winavr_20100110/bin/../lib/gcc/avr/4.3.3/avr5\libgcc.a(_clear_bss.o)
 *(.bss*)
 .bss.Pwm_u8CtcModeFlag
                0x00800062        0x3 ./MCAL/Pwm.o
 .bss.Pwm_u8arrClk_Prescaler
                0x00800065        0x3 ./MCAL/Pwm.o
 .bss.Ovf_CallBackfunc
                0x00800068        0x6 ./MCAL/Pwm.o
 .bss.Ocm_CallBackfunc
                0x0080006e        0x8 ./MCAL/Pwm.o
 *(COMMON)
                0x00800076                PROVIDE (__bss_end, .)
                0x000017ac                __data_load_start = LOADADDR (.data)
                0x000017ae                __data_load_end = (__data_load_start + SIZEOF (.data))

.noinit         0x00800076        0x0
                0x00800076                PROVIDE (__noinit_start, .)
 *(.noinit*)
                0x00800076                PROVIDE (__noinit_end, .)
                0x00800076                _end = .
                0x00800076                PROVIDE (__heap_start, .)

.eeprom         0x00810000        0x0
 *(.eeprom*)
                0x00810000                __eeprom_end = .

.fuse
 *(.fuse)
 *(.lfuse)
 *(.hfuse)
 *(.efuse)

.lock
 *(.lock*)

.signature
 *(.signature*)

.stab           0x00000000     0x219c
 *(.stab)
 .stab          0x00000000      0x960 ./MCAL/Dio.o
 .stab          0x00000960      0x624 ./MCAL/Port.o
                                0x8f4 (size before relaxing)
 .stab          0x00000f84      0x930 ./MCAL/Pwm.o
                                0xc00 (size before relaxing)
 .stab          0x000018b4      0x48c ./HAL/Servo.o
                                0x498 (size before relaxing)
 .stab          0x00001d40       0xfc ./HAL/Servo_cfg.o
                                0x24c (size before relaxing)
 .stab          0x00001e3c      0x360 ./APP/main.o
                                0x51c (size before relaxing)

.stabstr        0x00000000     0x184c
 *(.stabstr)
 .stabstr       0x00000000     0x184c ./MCAL/Dio.o

.stab.excl
 *(.stab.excl)

.stab.exclstr
 *(.stab.exclstr)

.stab.index
 *(.stab.index)

.stab.indexstr
 *(.stab.indexstr)

.comment
 *(.comment)

.debug
 *(.debug)

.line
 *(.line)

.debug_srcinfo
 *(.debug_srcinfo)

.debug_sfnames
 *(.debug_sfnames)

.debug_aranges
 *(.debug_aranges)

.debug_pubnames
 *(.debug_pubnames)

.debug_info
 *(.debug_info)
 *(.gnu.linkonce.wi.*)

.debug_abbrev
 *(.debug_abbrev)

.debug_line
 *(.debug_line)

.debug_frame
 *(.debug_frame)

.debug_str
 *(.debug_str)

.debug_loc
 *(.debug_loc)

.debug_macinfo
 *(.debug_macinfo)
OUTPUT(AVR_SERVO_Driver.elf elf32-avr)
LOAD linker stubs
