Archive member included because of file (symbol)

d:/iti_9_month_scholarship/embedded/tools/discovery/tools/winavr_20100110/bin/../lib/gcc/avr/4.3.3/avr5\libgcc.a(_exit.o)
                              d:/iti_9_month_scholarship/embedded/tools/discovery/tools/winavr_20100110/bin/../lib/gcc/avr/4.3.3/../../../../avr/lib/avr5/crtm32.o (exit)
d:/iti_9_month_scholarship/embedded/tools/discovery/tools/winavr_20100110/bin/../lib/gcc/avr/4.3.3/avr5\libgcc.a(_copy_data.o)
                              ./HAL/Servo_cfg.o (__do_copy_data)
d:/iti_9_month_scholarship/embedded/tools/discovery/tools/winavr_20100110/bin/../lib/gcc/avr/4.3.3/avr5\libgcc.a(_clear_bss.o)
                              ./MCAL/Pwm.o (__do_clear_bss)
d:/iti_9_month_scholarship/embedded/tools/discovery/tools/winavr_20100110/bin/../lib/gcc/avr/4.3.3/avr5\libgcc.a(_fixunssfsi.o)
                              ./HAL/Servo.o (__fixunssfsi)
d:/iti_9_month_scholarship/embedded/tools/discovery/tools/winavr_20100110/bin/../lib/gcc/avr/4.3.3/avr5\libgcc.a(_addsub_sf.o)
                              d:/iti_9_month_scholarship/embedded/tools/discovery/tools/winavr_20100110/bin/../lib/gcc/avr/4.3.3/avr5\libgcc.a(_fixunssfsi.o) (__subsf3)
d:/iti_9_month_scholarship/embedded/tools/discovery/tools/winavr_20100110/bin/../lib/gcc/avr/4.3.3/avr5\libgcc.a(_mul_sf.o)
                              ./HAL/Servo.o (__mulsf3)
d:/iti_9_month_scholarship/embedded/tools/discovery/tools/winavr_20100110/bin/../lib/gcc/avr/4.3.3/avr5\libgcc.a(_div_sf.o)
                              ./APP/main.o (__divsf3)
d:/iti_9_month_scholarship/embedded/tools/discovery/tools/winavr_20100110/bin/../lib/gcc/avr/4.3.3/avr5\libgcc.a(_ge_sf.o)
                              d:/iti_9_month_scholarship/embedded/tools/discovery/tools/winavr_20100110/bin/../lib/gcc/avr/4.3.3/avr5\libgcc.a(_fixunssfsi.o) (__gesf2)
d:/iti_9_month_scholarship/embedded/tools/discovery/tools/winavr_20100110/bin/../lib/gcc/avr/4.3.3/avr5\libgcc.a(_si_to_sf.o)
                              ./HAL/Servo.o (__floatsisf)
d:/iti_9_month_scholarship/embedded/tools/discovery/tools/winavr_20100110/bin/../lib/gcc/avr/4.3.3/avr5\libgcc.a(_sf_to_si.o)
                              ./HAL/Servo.o (__fixsfsi)
d:/iti_9_month_scholarship/embedded/tools/discovery/tools/winavr_20100110/bin/../lib/gcc/avr/4.3.3/avr5\libgcc.a(_thenan_sf.o)
                              d:/iti_9_month_scholarship/embedded/tools/discovery/tools/winavr_20100110/bin/../lib/gcc/avr/4.3.3/avr5\libgcc.a(_addsub_sf.o) (__thenan_sf)
d:/iti_9_month_scholarship/embedded/tools/discovery/tools/winavr_20100110/bin/../lib/gcc/avr/4.3.3/avr5\libgcc.a(_usi_to_sf.o)
                              ./HAL/Servo.o (__floatunsisf)
d:/iti_9_month_scholarship/embedded/tools/discovery/tools/winavr_20100110/bin/../lib/gcc/avr/4.3.3/avr5\libgcc.a(_prologue.o)
                              d:/iti_9_month_scholarship/embedded/tools/discovery/tools/winavr_20100110/bin/../lib/gcc/avr/4.3.3/avr5\libgcc.a(_addsub_sf.o) (__prologue_saves__)
d:/iti_9_month_scholarship/embedded/tools/discovery/tools/winavr_20100110/bin/../lib/gcc/avr/4.3.3/avr5\libgcc.a(_epilogue.o)
                              d:/iti_9_month_scholarship/embedded/tools/discovery/tools/winavr_20100110/bin/../lib/gcc/avr/4.3.3/avr5\libgcc.a(_addsub_sf.o) (__epilogue_restores__)
d:/iti_9_month_scholarship/embedded/tools/discovery/tools/winavr_20100110/bin/../lib/gcc/avr/4.3.3/avr5\libgcc.a(_clzsi2.o)
                              d:/iti_9_month_scholarship/embedded/tools/discovery/tools/winavr_20100110/bin/../lib/gcc/avr/4.3.3/avr5\libgcc.a(_si_to_sf.o) (__clzsi2)
d:/iti_9_month_scholarship/embedded/tools/discovery/tools/winavr_20100110/bin/../lib/gcc/avr/4.3.3/avr5\libgcc.a(_pack_sf.o)
                              d:/iti_9_month_scholarship/embedded/tools/discovery/tools/winavr_20100110/bin/../lib/gcc/avr/4.3.3/avr5\libgcc.a(_addsub_sf.o) (__pack_f)
d:/iti_9_month_scholarship/embedded/tools/discovery/tools/winavr_20100110/bin/../lib/gcc/avr/4.3.3/avr5\libgcc.a(_unpack_sf.o)
                              d:/iti_9_month_scholarship/embedded/tools/discovery/tools/winavr_20100110/bin/../lib/gcc/avr/4.3.3/avr5\libgcc.a(_addsub_sf.o) (__unpack_f)
d:/iti_9_month_scholarship/embedded/tools/discovery/tools/winavr_20100110/bin/../lib/gcc/avr/4.3.3/avr5\libgcc.a(_fpcmp_parts_sf.o)
                              d:/iti_9_month_scholarship/embedded/tools/discovery/tools/winavr_20100110/bin/../lib/gcc/avr/4.3.3/avr5\libgcc.a(_ge_sf.o) (__fpcmp_parts_f)
d:/iti_9_month_scholarship/embedded/tools/discovery/tools/winavr_20100110/bin/../lib/gcc/avr/4.3.3/avr5\libgcc.a(_clz.o)
                              d:/iti_9_month_scholarship/embedded/tools/discovery/tools/winavr_20100110/bin/../lib/gcc/avr/4.3.3/avr5\libgcc.a(_clzsi2.o) (__clz_tab)

Memory Configuration

Name             Origin             Length             Attributes
text             0x00000000         0x00020000         xr
data             0x00800060         0x0000ffa0         rw !x
eeprom           0x00810000         0x00010000         rw !x
fuse             0x00820000         0x00000400         rw !x
lock             0x00830000         0x00000400         rw !x
signature        0x00840000         0x00000400         rw !x
*default*        0x00000000         0xffffffff

Linker script and memory map

LOAD d:/iti_9_month_scholarship/embedded/tools/discovery/tools/winavr_20100110/bin/../lib/gcc/avr/4.3.3/../../../../avr/lib/avr5/crtm32.o
LOAD ./MCAL/Adc.o
LOAD ./MCAL/Dio.o
LOAD ./MCAL/Port.o
LOAD ./MCAL/Pwm.o
LOAD ./HAL/Servo.o
LOAD ./HAL/Servo_cfg.o
LOAD ./APP/main.o
LOAD d:/iti_9_month_scholarship/embedded/tools/discovery/tools/winavr_20100110/bin/../lib/gcc/avr/4.3.3/avr5\libgcc.a
LOAD d:/iti_9_month_scholarship/embedded/tools/discovery/tools/winavr_20100110/bin/../lib/gcc/avr/4.3.3/../../../../avr/lib/avr5\libc.a
LOAD d:/iti_9_month_scholarship/embedded/tools/discovery/tools/winavr_20100110/bin/../lib/gcc/avr/4.3.3/avr5\libgcc.a

.hash
 *(.hash)

.dynsym
 *(.dynsym)

.dynstr
 *(.dynstr)

.gnu.version
 *(.gnu.version)

.gnu.version_d
 *(.gnu.version_d)

.gnu.version_r
 *(.gnu.version_r)

.rel.init
 *(.rel.init)

.rela.init
 *(.rela.init)

.rel.text
 *(.rel.text)
 *(.rel.text.*)
 *(.rel.gnu.linkonce.t*)

.rela.text
 *(.rela.text)
 *(.rela.text.*)
 *(.rela.gnu.linkonce.t*)

.rel.fini
 *(.rel.fini)

.rela.fini
 *(.rela.fini)

.rel.rodata
 *(.rel.rodata)
 *(.rel.rodata.*)
 *(.rel.gnu.linkonce.r*)

.rela.rodata
 *(.rela.rodata)
 *(.rela.rodata.*)
 *(.rela.gnu.linkonce.r*)

.rel.data
 *(.rel.data)
 *(.rel.data.*)
 *(.rel.gnu.linkonce.d*)

.rela.data
 *(.rela.data)
 *(.rela.data.*)
 *(.rela.gnu.linkonce.d*)

.rel.ctors
 *(.rel.ctors)

.rela.ctors
 *(.rela.ctors)

.rel.dtors
 *(.rel.dtors)

.rela.dtors
 *(.rela.dtors)

.rel.got
 *(.rel.got)

.rela.got
 *(.rela.got)

.rel.bss
 *(.rel.bss)

.rela.bss
 *(.rela.bss)

.rel.plt
 *(.rel.plt)

.rela.plt
 *(.rela.plt)

.text           0x00000000     0x2786
 *(.vectors)
 .vectors       0x00000000       0x54 d:/iti_9_month_scholarship/embedded/tools/discovery/tools/winavr_20100110/bin/../lib/gcc/avr/4.3.3/../../../../avr/lib/avr5/crtm32.o
                0x00000000                __vectors
                0x00000000                __vector_default
 *(.vectors)
 *(.progmem.gcc*)
 *(.progmem*)
                0x00000054                . = ALIGN (0x2)
                0x00000054                __trampolines_start = .
 *(.trampolines)
 .trampolines   0x00000054        0x0 linker stubs
 *(.trampolines*)
                0x00000054                __trampolines_end = .
 *(.jumptables)
 *(.jumptables*)
 *(.lowtext)
 *(.lowtext*)
                0x00000054                __ctors_start = .
 *(.ctors)
                0x00000054                __ctors_end = .
                0x00000054                __dtors_start = .
 *(.dtors)
                0x00000054                __dtors_end = .
 SORT(*)(.ctors)
 SORT(*)(.dtors)
 *(.init0)
 .init0         0x00000054        0x0 d:/iti_9_month_scholarship/embedded/tools/discovery/tools/winavr_20100110/bin/../lib/gcc/avr/4.3.3/../../../../avr/lib/avr5/crtm32.o
                0x00000054                __init
 *(.init0)
 *(.init1)
 *(.init1)
 *(.init2)
 .init2         0x00000054        0xc d:/iti_9_month_scholarship/embedded/tools/discovery/tools/winavr_20100110/bin/../lib/gcc/avr/4.3.3/../../../../avr/lib/avr5/crtm32.o
 *(.init2)
 *(.init3)
 *(.init3)
 *(.init4)
 .init4         0x00000060       0x16 d:/iti_9_month_scholarship/embedded/tools/discovery/tools/winavr_20100110/bin/../lib/gcc/avr/4.3.3/avr5\libgcc.a(_copy_data.o)
                0x00000060                __do_copy_data
 .init4         0x00000076       0x10 d:/iti_9_month_scholarship/embedded/tools/discovery/tools/winavr_20100110/bin/../lib/gcc/avr/4.3.3/avr5\libgcc.a(_clear_bss.o)
                0x00000076                __do_clear_bss
 *(.init4)
 *(.init5)
 *(.init5)
 *(.init6)
 *(.init6)
 *(.init7)
 *(.init7)
 *(.init8)
 *(.init8)
 *(.init9)
 .init9         0x00000086        0x8 d:/iti_9_month_scholarship/embedded/tools/discovery/tools/winavr_20100110/bin/../lib/gcc/avr/4.3.3/../../../../avr/lib/avr5/crtm32.o
 *(.init9)
 *(.text)
 .text          0x0000008e        0x4 d:/iti_9_month_scholarship/embedded/tools/discovery/tools/winavr_20100110/bin/../lib/gcc/avr/4.3.3/../../../../avr/lib/avr5/crtm32.o
                0x0000008e                __vector_1
                0x0000008e                __vector_12
                0x0000008e                __bad_interrupt
                0x0000008e                __vector_6
                0x0000008e                __vector_3
                0x0000008e                __vector_13
                0x0000008e                __vector_17
                0x0000008e                __vector_19
                0x0000008e                __vector_2
                0x0000008e                __vector_15
                0x0000008e                __vector_14
                0x0000008e                __vector_16
                0x0000008e                __vector_18
                0x0000008e                __vector_20
 .text          0x00000092        0x0 ./MCAL/Adc.o
 .text          0x00000092        0x0 ./MCAL/Dio.o
 .text          0x00000092        0x0 ./MCAL/Port.o
 .text          0x00000092        0x0 ./MCAL/Pwm.o
 .text          0x00000092        0x0 ./HAL/Servo.o
 .text          0x00000092        0x0 ./HAL/Servo_cfg.o
 .text          0x00000092        0x0 ./APP/main.o
 .text          0x00000092        0x0 d:/iti_9_month_scholarship/embedded/tools/discovery/tools/winavr_20100110/bin/../lib/gcc/avr/4.3.3/avr5\libgcc.a(_exit.o)
 .text          0x00000092        0x0 d:/iti_9_month_scholarship/embedded/tools/discovery/tools/winavr_20100110/bin/../lib/gcc/avr/4.3.3/avr5\libgcc.a(_copy_data.o)
 .text          0x00000092        0x0 d:/iti_9_month_scholarship/embedded/tools/discovery/tools/winavr_20100110/bin/../lib/gcc/avr/4.3.3/avr5\libgcc.a(_clear_bss.o)
 .text          0x00000092       0x58 d:/iti_9_month_scholarship/embedded/tools/discovery/tools/winavr_20100110/bin/../lib/gcc/avr/4.3.3/avr5\libgcc.a(_fixunssfsi.o)
                0x00000092                __fixunssfsi
 .text          0x000000ea      0x354 d:/iti_9_month_scholarship/embedded/tools/discovery/tools/winavr_20100110/bin/../lib/gcc/avr/4.3.3/avr5\libgcc.a(_addsub_sf.o)
                0x00000382                __subsf3
                0x000003e4                __addsf3
 .text          0x0000043e      0x1f4 d:/iti_9_month_scholarship/embedded/tools/discovery/tools/winavr_20100110/bin/../lib/gcc/avr/4.3.3/avr5\libgcc.a(_mul_sf.o)
                0x0000043e                __mulsf3
 .text          0x00000632      0x158 d:/iti_9_month_scholarship/embedded/tools/discovery/tools/winavr_20100110/bin/../lib/gcc/avr/4.3.3/avr5\libgcc.a(_div_sf.o)
                0x00000632                __divsf3
 .text          0x0000078a       0x60 d:/iti_9_month_scholarship/embedded/tools/discovery/tools/winavr_20100110/bin/../lib/gcc/avr/4.3.3/avr5\libgcc.a(_ge_sf.o)
                0x0000078a                __gesf2
 .text          0x000007ea       0xbc d:/iti_9_month_scholarship/embedded/tools/discovery/tools/winavr_20100110/bin/../lib/gcc/avr/4.3.3/avr5\libgcc.a(_si_to_sf.o)
                0x000007ea                __floatsisf
 .text          0x000008a6       0xa8 d:/iti_9_month_scholarship/embedded/tools/discovery/tools/winavr_20100110/bin/../lib/gcc/avr/4.3.3/avr5\libgcc.a(_sf_to_si.o)
                0x000008a6                __fixsfsi
 .text          0x0000094e        0x0 d:/iti_9_month_scholarship/embedded/tools/discovery/tools/winavr_20100110/bin/../lib/gcc/avr/4.3.3/avr5\libgcc.a(_thenan_sf.o)
 .text          0x0000094e       0xf2 d:/iti_9_month_scholarship/embedded/tools/discovery/tools/winavr_20100110/bin/../lib/gcc/avr/4.3.3/avr5\libgcc.a(_usi_to_sf.o)
                0x0000094e                __floatunsisf
 .text          0x00000a40        0x0 d:/iti_9_month_scholarship/embedded/tools/discovery/tools/winavr_20100110/bin/../lib/gcc/avr/4.3.3/avr5\libgcc.a(_prologue.o)
 .text          0x00000a40        0x0 d:/iti_9_month_scholarship/embedded/tools/discovery/tools/winavr_20100110/bin/../lib/gcc/avr/4.3.3/avr5\libgcc.a(_epilogue.o)
 .text          0x00000a40       0x9e d:/iti_9_month_scholarship/embedded/tools/discovery/tools/winavr_20100110/bin/../lib/gcc/avr/4.3.3/avr5\libgcc.a(_clzsi2.o)
                0x00000a40                __clzsi2
 .text          0x00000ade      0x1aa d:/iti_9_month_scholarship/embedded/tools/discovery/tools/winavr_20100110/bin/../lib/gcc/avr/4.3.3/avr5\libgcc.a(_pack_sf.o)
                0x00000ade                __pack_f
 .text          0x00000c88       0xf0 d:/iti_9_month_scholarship/embedded/tools/discovery/tools/winavr_20100110/bin/../lib/gcc/avr/4.3.3/avr5\libgcc.a(_unpack_sf.o)
                0x00000c88                __unpack_f
 .text          0x00000d78       0xb2 d:/iti_9_month_scholarship/embedded/tools/discovery/tools/winavr_20100110/bin/../lib/gcc/avr/4.3.3/avr5\libgcc.a(_fpcmp_parts_sf.o)
                0x00000d78                __fpcmp_parts_f
 .text          0x00000e2a        0x0 d:/iti_9_month_scholarship/embedded/tools/discovery/tools/winavr_20100110/bin/../lib/gcc/avr/4.3.3/avr5\libgcc.a(_clz.o)
                0x00000e2a                . = ALIGN (0x2)
 *(.text.*)
 .text.Adc_vidInit
                0x00000e2a       0x2e ./MCAL/Adc.o
                0x00000e2a                Adc_vidInit
 .text.Adc_vidControl
                0x00000e58       0x22 ./MCAL/Adc.o
                0x00000e58                Adc_vidControl
 .text.Adc_vidStartConversion
                0x00000e7a       0x1c ./MCAL/Adc.o
                0x00000e7a                Adc_vidStartConversion
 .text.Adc_u16GetResult
                0x00000e96       0x44 ./MCAL/Adc.o
                0x00000e96                Adc_u16GetResult
 .text.Adc_u8GetInterruptFlagValue
                0x00000eda       0x1a ./MCAL/Adc.o
                0x00000eda                Adc_u8GetInterruptFlagValue
 .text.Adc_vidClearInterruptFlag
                0x00000ef4       0x1c ./MCAL/Adc.o
 .text.Dio_enuWriteChannelId
                0x00000f10      0x20e ./MCAL/Dio.o
                0x00000f10                Dio_enuWriteChannelId
 .text.Dio_enuReadChannelId
                0x0000111e      0x130 ./MCAL/Dio.o
                0x0000111e                Dio_enuReadChannelId
 .text.Dio_enuWritePort
                0x0000124e       0x98 ./MCAL/Dio.o
                0x0000124e                Dio_enuWritePort
 .text.Dio_enuReadPort
                0x000012e6       0xac ./MCAL/Dio.o
                0x000012e6                Dio_enuReadPort
 .text.Dio_enuFlipChannel
                0x00001392      0x122 ./MCAL/Dio.o
                0x00001392                Dio_enuFlipChannel
 .text.Port_enuSetPinDir
                0x000014b4      0x1f8 ./MCAL/Port.o
                0x000014b4                Port_enuSetPinDir
 .text.Port_enuSetPinMode
                0x000016ac      0x682 ./MCAL/Port.o
                0x000016ac                Port_enuSetPinMode
 .text.Port_vidInit
                0x00001d2e       0x4c ./MCAL/Port.o
                0x00001d2e                Port_vidInit
 .text.Pwm_vidInit
                0x00001d7a      0x172 ./MCAL/Pwm.o
                0x00001d7a                Pwm_vidInit
 .text.Pwm_StartTimer
                0x00001eec      0x140 ./MCAL/Pwm.o
                0x00001eec                Pwm_StartTimer
 .text.Pwm_enuSetOutCompareMatchVal
                0x0000202c       0x96 ./MCAL/Pwm.o
                0x0000202c                Pwm_enuSetOutCompareMatchVal
 .text.Pwm_enuSetIcrVal
                0x000020c2       0x24 ./MCAL/Pwm.o
                0x000020c2                Pwm_enuSetIcrVal
 .text.Pwm_StopTimer
                0x000020e6       0x6e ./MCAL/Pwm.o
                0x000020e6                Pwm_StopTimer
 .text.Pwm_enuRegisterOvfCbf
                0x00002154       0x4a ./MCAL/Pwm.o
                0x00002154                Pwm_enuRegisterOvfCbf
 .text.Pwm_enuRegisterOcmCbf
                0x0000219e       0x4a ./MCAL/Pwm.o
                0x0000219e                Pwm_enuRegisterOcmCbf
 .text.__vector_11
                0x000021e8       0x66 ./MCAL/Pwm.o
                0x000021e8                __vector_11
 .text.__vector_9
                0x0000224e       0x66 ./MCAL/Pwm.o
                0x0000224e                __vector_9
 .text.__vector_5
                0x000022b4       0x66 ./MCAL/Pwm.o
                0x000022b4                __vector_5
 .text.__vector_10
                0x0000231a       0x66 ./MCAL/Pwm.o
                0x0000231a                __vector_10
 .text.__vector_7
                0x00002380       0x66 ./MCAL/Pwm.o
                0x00002380                __vector_7
 .text.__vector_8
                0x000023e6       0x66 ./MCAL/Pwm.o
                0x000023e6                __vector_8
 .text.__vector_4
                0x0000244c       0x66 ./MCAL/Pwm.o
                0x0000244c                __vector_4
 .text.Servo_vidInit
                0x000024b2      0x122 ./HAL/Servo.o
                0x000024b2                Servo_vidInit
 .text.Servo_vidSetAngle
                0x000025d4       0xc6 ./HAL/Servo.o
                0x000025d4                Servo_vidSetAngle
 .text.main     0x0000269a       0x7a ./APP/main.o
                0x0000269a                main
 .text.libgcc   0x00002714        0x0 d:/iti_9_month_scholarship/embedded/tools/discovery/tools/winavr_20100110/bin/../lib/gcc/avr/4.3.3/avr5\libgcc.a(_exit.o)
 .text.libgcc   0x00002714        0x0 d:/iti_9_month_scholarship/embedded/tools/discovery/tools/winavr_20100110/bin/../lib/gcc/avr/4.3.3/avr5\libgcc.a(_copy_data.o)
 .text.libgcc   0x00002714        0x0 d:/iti_9_month_scholarship/embedded/tools/discovery/tools/winavr_20100110/bin/../lib/gcc/avr/4.3.3/avr5\libgcc.a(_clear_bss.o)
 .text.libgcc   0x00002714       0x38 d:/iti_9_month_scholarship/embedded/tools/discovery/tools/winavr_20100110/bin/../lib/gcc/avr/4.3.3/avr5\libgcc.a(_prologue.o)
                0x00002714                __prologue_saves__
 .text.libgcc   0x0000274c       0x36 d:/iti_9_month_scholarship/embedded/tools/discovery/tools/winavr_20100110/bin/../lib/gcc/avr/4.3.3/avr5\libgcc.a(_epilogue.o)
                0x0000274c                __epilogue_restores__
                0x00002782                . = ALIGN (0x2)
 *(.fini9)
 .fini9         0x00002782        0x0 d:/iti_9_month_scholarship/embedded/tools/discovery/tools/winavr_20100110/bin/../lib/gcc/avr/4.3.3/avr5\libgcc.a(_exit.o)
                0x00002782                exit
                0x00002782                _exit
 *(.fini9)
 *(.fini8)
 *(.fini8)
 *(.fini7)
 *(.fini7)
 *(.fini6)
 *(.fini6)
 *(.fini5)
 *(.fini5)
 *(.fini4)
 *(.fini4)
 *(.fini3)
 *(.fini3)
 *(.fini2)
 *(.fini2)
 *(.fini1)
 *(.fini1)
 *(.fini0)
 .fini0         0x00002782        0x4 d:/iti_9_month_scholarship/embedded/tools/discovery/tools/winavr_20100110/bin/../lib/gcc/avr/4.3.3/avr5\libgcc.a(_exit.o)
 *(.fini0)
                0x00002786                _etext = .

.data           0x00800060      0x10a load address 0x00002786
                0x00800060                PROVIDE (__data_start, .)
 *(.data)
 .data          0x00800060        0x0 d:/iti_9_month_scholarship/embedded/tools/discovery/tools/winavr_20100110/bin/../lib/gcc/avr/4.3.3/../../../../avr/lib/avr5/crtm32.o
 .data          0x00800060        0x0 ./MCAL/Adc.o
 .data          0x00800060        0x0 ./MCAL/Dio.o
 .data          0x00800060        0x0 ./MCAL/Port.o
 .data          0x00800060        0x0 ./MCAL/Pwm.o
 .data          0x00800060        0x0 ./HAL/Servo.o
 .data          0x00800060        0x0 ./HAL/Servo_cfg.o
 .data          0x00800060        0x0 ./APP/main.o
 .data          0x00800060        0x0 d:/iti_9_month_scholarship/embedded/tools/discovery/tools/winavr_20100110/bin/../lib/gcc/avr/4.3.3/avr5\libgcc.a(_exit.o)
 .data          0x00800060        0x0 d:/iti_9_month_scholarship/embedded/tools/discovery/tools/winavr_20100110/bin/../lib/gcc/avr/4.3.3/avr5\libgcc.a(_copy_data.o)
 .data          0x00800060        0x0 d:/iti_9_month_scholarship/embedded/tools/discovery/tools/winavr_20100110/bin/../lib/gcc/avr/4.3.3/avr5\libgcc.a(_clear_bss.o)
 .data          0x00800060        0x0 d:/iti_9_month_scholarship/embedded/tools/discovery/tools/winavr_20100110/bin/../lib/gcc/avr/4.3.3/avr5\libgcc.a(_fixunssfsi.o)
 .data          0x00800060        0x0 d:/iti_9_month_scholarship/embedded/tools/discovery/tools/winavr_20100110/bin/../lib/gcc/avr/4.3.3/avr5\libgcc.a(_addsub_sf.o)
 .data          0x00800060        0x0 d:/iti_9_month_scholarship/embedded/tools/discovery/tools/winavr_20100110/bin/../lib/gcc/avr/4.3.3/avr5\libgcc.a(_mul_sf.o)
 .data          0x00800060        0x0 d:/iti_9_month_scholarship/embedded/tools/discovery/tools/winavr_20100110/bin/../lib/gcc/avr/4.3.3/avr5\libgcc.a(_div_sf.o)
 .data          0x00800060        0x0 d:/iti_9_month_scholarship/embedded/tools/discovery/tools/winavr_20100110/bin/../lib/gcc/avr/4.3.3/avr5\libgcc.a(_ge_sf.o)
 .data          0x00800060        0x0 d:/iti_9_month_scholarship/embedded/tools/discovery/tools/winavr_20100110/bin/../lib/gcc/avr/4.3.3/avr5\libgcc.a(_si_to_sf.o)
 .data          0x00800060        0x0 d:/iti_9_month_scholarship/embedded/tools/discovery/tools/winavr_20100110/bin/../lib/gcc/avr/4.3.3/avr5\libgcc.a(_sf_to_si.o)
 .data          0x00800060        0x8 d:/iti_9_month_scholarship/embedded/tools/discovery/tools/winavr_20100110/bin/../lib/gcc/avr/4.3.3/avr5\libgcc.a(_thenan_sf.o)
                0x00800060                __thenan_sf
 .data          0x00800068        0x0 d:/iti_9_month_scholarship/embedded/tools/discovery/tools/winavr_20100110/bin/../lib/gcc/avr/4.3.3/avr5\libgcc.a(_usi_to_sf.o)
 .data          0x00800068        0x0 d:/iti_9_month_scholarship/embedded/tools/discovery/tools/winavr_20100110/bin/../lib/gcc/avr/4.3.3/avr5\libgcc.a(_prologue.o)
 .data          0x00800068        0x0 d:/iti_9_month_scholarship/embedded/tools/discovery/tools/winavr_20100110/bin/../lib/gcc/avr/4.3.3/avr5\libgcc.a(_epilogue.o)
 .data          0x00800068        0x0 d:/iti_9_month_scholarship/embedded/tools/discovery/tools/winavr_20100110/bin/../lib/gcc/avr/4.3.3/avr5\libgcc.a(_clzsi2.o)
 .data          0x00800068        0x0 d:/iti_9_month_scholarship/embedded/tools/discovery/tools/winavr_20100110/bin/../lib/gcc/avr/4.3.3/avr5\libgcc.a(_pack_sf.o)
 .data          0x00800068        0x0 d:/iti_9_month_scholarship/embedded/tools/discovery/tools/winavr_20100110/bin/../lib/gcc/avr/4.3.3/avr5\libgcc.a(_unpack_sf.o)
 .data          0x00800068        0x0 d:/iti_9_month_scholarship/embedded/tools/discovery/tools/winavr_20100110/bin/../lib/gcc/avr/4.3.3/avr5\libgcc.a(_fpcmp_parts_sf.o)
 .data          0x00800068      0x100 d:/iti_9_month_scholarship/embedded/tools/discovery/tools/winavr_20100110/bin/../lib/gcc/avr/4.3.3/avr5\libgcc.a(_clz.o)
                0x00800068                __clz_tab
 *(.data*)
 *(.rodata)
 *(.rodata*)
 .rodata.Servo_Cfg
                0x00800168        0x2 ./HAL/Servo_cfg.o
                0x00800168                Servo_Cfg
 *(.gnu.linkonce.d*)
                0x0080016a                . = ALIGN (0x2)
                0x0080016a                _edata = .
                0x0080016a                PROVIDE (__data_end, .)

.bss            0x0080016a       0x14
                0x0080016a                PROVIDE (__bss_start, .)
 *(.bss)
 .bss           0x0080016a        0x0 d:/iti_9_month_scholarship/embedded/tools/discovery/tools/winavr_20100110/bin/../lib/gcc/avr/4.3.3/../../../../avr/lib/avr5/crtm32.o
 .bss           0x0080016a        0x0 ./MCAL/Adc.o
 .bss           0x0080016a        0x0 ./MCAL/Dio.o
 .bss           0x0080016a        0x0 ./MCAL/Port.o
 .bss           0x0080016a        0x0 ./MCAL/Pwm.o
 .bss           0x0080016a        0x0 ./HAL/Servo.o
 .bss           0x0080016a        0x0 ./HAL/Servo_cfg.o
 .bss           0x0080016a        0x0 ./APP/main.o
 .bss           0x0080016a        0x0 d:/iti_9_month_scholarship/embedded/tools/discovery/tools/winavr_20100110/bin/../lib/gcc/avr/4.3.3/avr5\libgcc.a(_exit.o)
 .bss           0x0080016a        0x0 d:/iti_9_month_scholarship/embedded/tools/discovery/tools/winavr_20100110/bin/../lib/gcc/avr/4.3.3/avr5\libgcc.a(_copy_data.o)
 .bss           0x0080016a        0x0 d:/iti_9_month_scholarship/embedded/tools/discovery/tools/winavr_20100110/bin/../lib/gcc/avr/4.3.3/avr5\libgcc.a(_clear_bss.o)
 .bss           0x0080016a        0x0 d:/iti_9_month_scholarship/embedded/tools/discovery/tools/winavr_20100110/bin/../lib/gcc/avr/4.3.3/avr5\libgcc.a(_fixunssfsi.o)
 .bss           0x0080016a        0x0 d:/iti_9_month_scholarship/embedded/tools/discovery/tools/winavr_20100110/bin/../lib/gcc/avr/4.3.3/avr5\libgcc.a(_addsub_sf.o)
 .bss           0x0080016a        0x0 d:/iti_9_month_scholarship/embedded/tools/discovery/tools/winavr_20100110/bin/../lib/gcc/avr/4.3.3/avr5\libgcc.a(_mul_sf.o)
 .bss           0x0080016a        0x0 d:/iti_9_month_scholarship/embedded/tools/discovery/tools/winavr_20100110/bin/../lib/gcc/avr/4.3.3/avr5\libgcc.a(_div_sf.o)
 .bss           0x0080016a        0x0 d:/iti_9_month_scholarship/embedded/tools/discovery/tools/winavr_20100110/bin/../lib/gcc/avr/4.3.3/avr5\libgcc.a(_ge_sf.o)
 .bss           0x0080016a        0x0 d:/iti_9_month_scholarship/embedded/tools/discovery/tools/winavr_20100110/bin/../lib/gcc/avr/4.3.3/avr5\libgcc.a(_si_to_sf.o)
 .bss           0x0080016a        0x0 d:/iti_9_month_scholarship/embedded/tools/discovery/tools/winavr_20100110/bin/../lib/gcc/avr/4.3.3/avr5\libgcc.a(_sf_to_si.o)
 .bss           0x0080016a        0x0 d:/iti_9_month_scholarship/embedded/tools/discovery/tools/winavr_20100110/bin/../lib/gcc/avr/4.3.3/avr5\libgcc.a(_thenan_sf.o)
 .bss           0x0080016a        0x0 d:/iti_9_month_scholarship/embedded/tools/discovery/tools/winavr_20100110/bin/../lib/gcc/avr/4.3.3/avr5\libgcc.a(_usi_to_sf.o)
 .bss           0x0080016a        0x0 d:/iti_9_month_scholarship/embedded/tools/discovery/tools/winavr_20100110/bin/../lib/gcc/avr/4.3.3/avr5\libgcc.a(_prologue.o)
 .bss           0x0080016a        0x0 d:/iti_9_month_scholarship/embedded/tools/discovery/tools/winavr_20100110/bin/../lib/gcc/avr/4.3.3/avr5\libgcc.a(_epilogue.o)
 .bss           0x0080016a        0x0 d:/iti_9_month_scholarship/embedded/tools/discovery/tools/winavr_20100110/bin/../lib/gcc/avr/4.3.3/avr5\libgcc.a(_clzsi2.o)
 .bss           0x0080016a        0x0 d:/iti_9_month_scholarship/embedded/tools/discovery/tools/winavr_20100110/bin/../lib/gcc/avr/4.3.3/avr5\libgcc.a(_pack_sf.o)
 .bss           0x0080016a        0x0 d:/iti_9_month_scholarship/embedded/tools/discovery/tools/winavr_20100110/bin/../lib/gcc/avr/4.3.3/avr5\libgcc.a(_unpack_sf.o)
 .bss           0x0080016a        0x0 d:/iti_9_month_scholarship/embedded/tools/discovery/tools/winavr_20100110/bin/../lib/gcc/avr/4.3.3/avr5\libgcc.a(_fpcmp_parts_sf.o)
 .bss           0x0080016a        0x0 d:/iti_9_month_scholarship/embedded/tools/discovery/tools/winavr_20100110/bin/../lib/gcc/avr/4.3.3/avr5\libgcc.a(_clz.o)
 *(.bss*)
 .bss.Pwm_u8CtcModeFlag
                0x0080016a        0x3 ./MCAL/Pwm.o
 .bss.Pwm_u8arrClk_Prescaler
                0x0080016d        0x3 ./MCAL/Pwm.o
 .bss.Ovf_CallBackfunc
                0x00800170        0x6 ./MCAL/Pwm.o
 .bss.Ocm_CallBackfunc
                0x00800176        0x8 ./MCAL/Pwm.o
 *(COMMON)
                0x0080017e                PROVIDE (__bss_end, .)
                0x00002786                __data_load_start = LOADADDR (.data)
                0x00002890                __data_load_end = (__data_load_start + SIZEOF (.data))

.noinit         0x0080017e        0x0
                0x0080017e                PROVIDE (__noinit_start, .)
 *(.noinit*)
                0x0080017e                PROVIDE (__noinit_end, .)
                0x0080017e                _end = .
                0x0080017e                PROVIDE (__heap_start, .)

.eeprom         0x00810000        0x0
 *(.eeprom*)
                0x00810000                __eeprom_end = .

.fuse
 *(.fuse)
 *(.lfuse)
 *(.hfuse)
 *(.efuse)

.lock
 *(.lock*)

.signature
 *(.signature*)

.stab           0x00000000     0x258c
 *(.stab)
 .stab          0x00000000      0x5ac ./MCAL/Adc.o
 .stab          0x000005ac      0x690 ./MCAL/Dio.o
                                0x960 (size before relaxing)
 .stab          0x00000c3c      0x624 ./MCAL/Port.o
                                0x8f4 (size before relaxing)
 .stab          0x00001260      0x930 ./MCAL/Pwm.o
                                0xc00 (size before relaxing)
 .stab          0x00001b90      0x4a4 ./HAL/Servo.o
                                0x4b0 (size before relaxing)
 .stab          0x00002034       0xfc ./HAL/Servo_cfg.o
                                0x24c (size before relaxing)
 .stab          0x00002130      0x45c ./APP/main.o
                                0x618 (size before relaxing)

.stabstr        0x00000000     0x1cbe
 *(.stabstr)
 .stabstr       0x00000000     0x1cbe ./MCAL/Adc.o

.stab.excl
 *(.stab.excl)

.stab.exclstr
 *(.stab.exclstr)

.stab.index
 *(.stab.index)

.stab.indexstr
 *(.stab.indexstr)

.comment
 *(.comment)

.debug
 *(.debug)

.line
 *(.line)

.debug_srcinfo
 *(.debug_srcinfo)

.debug_sfnames
 *(.debug_sfnames)

.debug_aranges  0x00000000      0x180
 *(.debug_aranges)
 .debug_aranges
                0x00000000       0x20 d:/iti_9_month_scholarship/embedded/tools/discovery/tools/winavr_20100110/bin/../lib/gcc/avr/4.3.3/avr5\libgcc.a(_fixunssfsi.o)
 .debug_aranges
                0x00000020       0x20 d:/iti_9_month_scholarship/embedded/tools/discovery/tools/winavr_20100110/bin/../lib/gcc/avr/4.3.3/avr5\libgcc.a(_addsub_sf.o)
 .debug_aranges
                0x00000040       0x20 d:/iti_9_month_scholarship/embedded/tools/discovery/tools/winavr_20100110/bin/../lib/gcc/avr/4.3.3/avr5\libgcc.a(_mul_sf.o)
 .debug_aranges
                0x00000060       0x20 d:/iti_9_month_scholarship/embedded/tools/discovery/tools/winavr_20100110/bin/../lib/gcc/avr/4.3.3/avr5\libgcc.a(_div_sf.o)
 .debug_aranges
                0x00000080       0x20 d:/iti_9_month_scholarship/embedded/tools/discovery/tools/winavr_20100110/bin/../lib/gcc/avr/4.3.3/avr5\libgcc.a(_ge_sf.o)
 .debug_aranges
                0x000000a0       0x20 d:/iti_9_month_scholarship/embedded/tools/discovery/tools/winavr_20100110/bin/../lib/gcc/avr/4.3.3/avr5\libgcc.a(_si_to_sf.o)
 .debug_aranges
                0x000000c0       0x20 d:/iti_9_month_scholarship/embedded/tools/discovery/tools/winavr_20100110/bin/../lib/gcc/avr/4.3.3/avr5\libgcc.a(_sf_to_si.o)
 .debug_aranges
                0x000000e0       0x20 d:/iti_9_month_scholarship/embedded/tools/discovery/tools/winavr_20100110/bin/../lib/gcc/avr/4.3.3/avr5\libgcc.a(_usi_to_sf.o)
 .debug_aranges
                0x00000100       0x20 d:/iti_9_month_scholarship/embedded/tools/discovery/tools/winavr_20100110/bin/../lib/gcc/avr/4.3.3/avr5\libgcc.a(_clzsi2.o)
 .debug_aranges
                0x00000120       0x20 d:/iti_9_month_scholarship/embedded/tools/discovery/tools/winavr_20100110/bin/../lib/gcc/avr/4.3.3/avr5\libgcc.a(_pack_sf.o)
 .debug_aranges
                0x00000140       0x20 d:/iti_9_month_scholarship/embedded/tools/discovery/tools/winavr_20100110/bin/../lib/gcc/avr/4.3.3/avr5\libgcc.a(_unpack_sf.o)
 .debug_aranges
                0x00000160       0x20 d:/iti_9_month_scholarship/embedded/tools/discovery/tools/winavr_20100110/bin/../lib/gcc/avr/4.3.3/avr5\libgcc.a(_fpcmp_parts_sf.o)

.debug_pubnames
                0x00000000      0x1d8
 *(.debug_pubnames)
 .debug_pubnames
                0x00000000       0x23 d:/iti_9_month_scholarship/embedded/tools/discovery/tools/winavr_20100110/bin/../lib/gcc/avr/4.3.3/avr5\libgcc.a(_fixunssfsi.o)
 .debug_pubnames
                0x00000023       0x2c d:/iti_9_month_scholarship/embedded/tools/discovery/tools/winavr_20100110/bin/../lib/gcc/avr/4.3.3/avr5\libgcc.a(_addsub_sf.o)
 .debug_pubnames
                0x0000004f       0x1f d:/iti_9_month_scholarship/embedded/tools/discovery/tools/winavr_20100110/bin/../lib/gcc/avr/4.3.3/avr5\libgcc.a(_mul_sf.o)
 .debug_pubnames
                0x0000006e       0x1f d:/iti_9_month_scholarship/embedded/tools/discovery/tools/winavr_20100110/bin/../lib/gcc/avr/4.3.3/avr5\libgcc.a(_div_sf.o)
 .debug_pubnames
                0x0000008d       0x1e d:/iti_9_month_scholarship/embedded/tools/discovery/tools/winavr_20100110/bin/../lib/gcc/avr/4.3.3/avr5\libgcc.a(_ge_sf.o)
 .debug_pubnames
                0x000000ab       0x22 d:/iti_9_month_scholarship/embedded/tools/discovery/tools/winavr_20100110/bin/../lib/gcc/avr/4.3.3/avr5\libgcc.a(_si_to_sf.o)
 .debug_pubnames
                0x000000cd       0x20 d:/iti_9_month_scholarship/embedded/tools/discovery/tools/winavr_20100110/bin/../lib/gcc/avr/4.3.3/avr5\libgcc.a(_sf_to_si.o)
 .debug_pubnames
                0x000000ed       0x22 d:/iti_9_month_scholarship/embedded/tools/discovery/tools/winavr_20100110/bin/../lib/gcc/avr/4.3.3/avr5\libgcc.a(_thenan_sf.o)
 .debug_pubnames
                0x0000010f       0x24 d:/iti_9_month_scholarship/embedded/tools/discovery/tools/winavr_20100110/bin/../lib/gcc/avr/4.3.3/avr5\libgcc.a(_usi_to_sf.o)
 .debug_pubnames
                0x00000133       0x1f d:/iti_9_month_scholarship/embedded/tools/discovery/tools/winavr_20100110/bin/../lib/gcc/avr/4.3.3/avr5\libgcc.a(_clzsi2.o)
 .debug_pubnames
                0x00000152       0x1f d:/iti_9_month_scholarship/embedded/tools/discovery/tools/winavr_20100110/bin/../lib/gcc/avr/4.3.3/avr5\libgcc.a(_pack_sf.o)
 .debug_pubnames
                0x00000171       0x21 d:/iti_9_month_scholarship/embedded/tools/discovery/tools/winavr_20100110/bin/../lib/gcc/avr/4.3.3/avr5\libgcc.a(_unpack_sf.o)
 .debug_pubnames
                0x00000192       0x26 d:/iti_9_month_scholarship/embedded/tools/discovery/tools/winavr_20100110/bin/../lib/gcc/avr/4.3.3/avr5\libgcc.a(_fpcmp_parts_sf.o)
 .debug_pubnames
                0x000001b8       0x20 d:/iti_9_month_scholarship/embedded/tools/discovery/tools/winavr_20100110/bin/../lib/gcc/avr/4.3.3/avr5\libgcc.a(_clz.o)

.debug_info     0x00000000     0x2114
 *(.debug_info)
 .debug_info    0x00000000       0xb1 d:/iti_9_month_scholarship/embedded/tools/discovery/tools/winavr_20100110/bin/../lib/gcc/avr/4.3.3/avr5\libgcc.a(_fixunssfsi.o)
 .debug_info    0x000000b1      0x47a d:/iti_9_month_scholarship/embedded/tools/discovery/tools/winavr_20100110/bin/../lib/gcc/avr/4.3.3/avr5\libgcc.a(_addsub_sf.o)
 .debug_info    0x0000052b      0x485 d:/iti_9_month_scholarship/embedded/tools/discovery/tools/winavr_20100110/bin/../lib/gcc/avr/4.3.3/avr5\libgcc.a(_mul_sf.o)
 .debug_info    0x000009b0      0x3fc d:/iti_9_month_scholarship/embedded/tools/discovery/tools/winavr_20100110/bin/../lib/gcc/avr/4.3.3/avr5\libgcc.a(_div_sf.o)
 .debug_info    0x00000dac      0x27f d:/iti_9_month_scholarship/embedded/tools/discovery/tools/winavr_20100110/bin/../lib/gcc/avr/4.3.3/avr5\libgcc.a(_ge_sf.o)
 .debug_info    0x0000102b      0x207 d:/iti_9_month_scholarship/embedded/tools/discovery/tools/winavr_20100110/bin/../lib/gcc/avr/4.3.3/avr5\libgcc.a(_si_to_sf.o)
 .debug_info    0x00001232      0x2b0 d:/iti_9_month_scholarship/embedded/tools/discovery/tools/winavr_20100110/bin/../lib/gcc/avr/4.3.3/avr5\libgcc.a(_sf_to_si.o)
 .debug_info    0x000014e2      0x12c d:/iti_9_month_scholarship/embedded/tools/discovery/tools/winavr_20100110/bin/../lib/gcc/avr/4.3.3/avr5\libgcc.a(_thenan_sf.o)
 .debug_info    0x0000160e      0x206 d:/iti_9_month_scholarship/embedded/tools/discovery/tools/winavr_20100110/bin/../lib/gcc/avr/4.3.3/avr5\libgcc.a(_usi_to_sf.o)
 .debug_info    0x00001814      0x117 d:/iti_9_month_scholarship/embedded/tools/discovery/tools/winavr_20100110/bin/../lib/gcc/avr/4.3.3/avr5\libgcc.a(_clzsi2.o)
 .debug_info    0x0000192b      0x2df d:/iti_9_month_scholarship/embedded/tools/discovery/tools/winavr_20100110/bin/../lib/gcc/avr/4.3.3/avr5\libgcc.a(_pack_sf.o)
 .debug_info    0x00001c0a      0x251 d:/iti_9_month_scholarship/embedded/tools/discovery/tools/winavr_20100110/bin/../lib/gcc/avr/4.3.3/avr5\libgcc.a(_unpack_sf.o)
 .debug_info    0x00001e5b      0x210 d:/iti_9_month_scholarship/embedded/tools/discovery/tools/winavr_20100110/bin/../lib/gcc/avr/4.3.3/avr5\libgcc.a(_fpcmp_parts_sf.o)
 .debug_info    0x0000206b       0xa9 d:/iti_9_month_scholarship/embedded/tools/discovery/tools/winavr_20100110/bin/../lib/gcc/avr/4.3.3/avr5\libgcc.a(_clz.o)
 *(.gnu.linkonce.wi.*)

.debug_abbrev   0x00000000     0x121a
 *(.debug_abbrev)
 .debug_abbrev  0x00000000       0x5d d:/iti_9_month_scholarship/embedded/tools/discovery/tools/winavr_20100110/bin/../lib/gcc/avr/4.3.3/avr5\libgcc.a(_fixunssfsi.o)
 .debug_abbrev  0x0000005d      0x1ea d:/iti_9_month_scholarship/embedded/tools/discovery/tools/winavr_20100110/bin/../lib/gcc/avr/4.3.3/avr5\libgcc.a(_addsub_sf.o)
 .debug_abbrev  0x00000247      0x21b d:/iti_9_month_scholarship/embedded/tools/discovery/tools/winavr_20100110/bin/../lib/gcc/avr/4.3.3/avr5\libgcc.a(_mul_sf.o)
 .debug_abbrev  0x00000462      0x216 d:/iti_9_month_scholarship/embedded/tools/discovery/tools/winavr_20100110/bin/../lib/gcc/avr/4.3.3/avr5\libgcc.a(_div_sf.o)
 .debug_abbrev  0x00000678      0x15a d:/iti_9_month_scholarship/embedded/tools/discovery/tools/winavr_20100110/bin/../lib/gcc/avr/4.3.3/avr5\libgcc.a(_ge_sf.o)
 .debug_abbrev  0x000007d2      0x148 d:/iti_9_month_scholarship/embedded/tools/discovery/tools/winavr_20100110/bin/../lib/gcc/avr/4.3.3/avr5\libgcc.a(_si_to_sf.o)
 .debug_abbrev  0x0000091a      0x17f d:/iti_9_month_scholarship/embedded/tools/discovery/tools/winavr_20100110/bin/../lib/gcc/avr/4.3.3/avr5\libgcc.a(_sf_to_si.o)
 .debug_abbrev  0x00000a99       0xad d:/iti_9_month_scholarship/embedded/tools/discovery/tools/winavr_20100110/bin/../lib/gcc/avr/4.3.3/avr5\libgcc.a(_thenan_sf.o)
 .debug_abbrev  0x00000b46      0x157 d:/iti_9_month_scholarship/embedded/tools/discovery/tools/winavr_20100110/bin/../lib/gcc/avr/4.3.3/avr5\libgcc.a(_usi_to_sf.o)
 .debug_abbrev  0x00000c9d       0xc4 d:/iti_9_month_scholarship/embedded/tools/discovery/tools/winavr_20100110/bin/../lib/gcc/avr/4.3.3/avr5\libgcc.a(_clzsi2.o)
 .debug_abbrev  0x00000d61      0x1c0 d:/iti_9_month_scholarship/embedded/tools/discovery/tools/winavr_20100110/bin/../lib/gcc/avr/4.3.3/avr5\libgcc.a(_pack_sf.o)
 .debug_abbrev  0x00000f21      0x154 d:/iti_9_month_scholarship/embedded/tools/discovery/tools/winavr_20100110/bin/../lib/gcc/avr/4.3.3/avr5\libgcc.a(_unpack_sf.o)
 .debug_abbrev  0x00001075      0x13b d:/iti_9_month_scholarship/embedded/tools/discovery/tools/winavr_20100110/bin/../lib/gcc/avr/4.3.3/avr5\libgcc.a(_fpcmp_parts_sf.o)
 .debug_abbrev  0x000011b0       0x6a d:/iti_9_month_scholarship/embedded/tools/discovery/tools/winavr_20100110/bin/../lib/gcc/avr/4.3.3/avr5\libgcc.a(_clz.o)

.debug_line     0x00000000     0x1165
 *(.debug_line)
 .debug_line    0x00000000       0xa7 d:/iti_9_month_scholarship/embedded/tools/discovery/tools/winavr_20100110/bin/../lib/gcc/avr/4.3.3/avr5\libgcc.a(_fixunssfsi.o)
 .debug_line    0x000000a7      0x2af d:/iti_9_month_scholarship/embedded/tools/discovery/tools/winavr_20100110/bin/../lib/gcc/avr/4.3.3/avr5\libgcc.a(_addsub_sf.o)
 .debug_line    0x00000356      0x239 d:/iti_9_month_scholarship/embedded/tools/discovery/tools/winavr_20100110/bin/../lib/gcc/avr/4.3.3/avr5\libgcc.a(_mul_sf.o)
 .debug_line    0x0000058f      0x1d5 d:/iti_9_month_scholarship/embedded/tools/discovery/tools/winavr_20100110/bin/../lib/gcc/avr/4.3.3/avr5\libgcc.a(_div_sf.o)
 .debug_line    0x00000764       0xd3 d:/iti_9_month_scholarship/embedded/tools/discovery/tools/winavr_20100110/bin/../lib/gcc/avr/4.3.3/avr5\libgcc.a(_ge_sf.o)
 .debug_line    0x00000837      0x135 d:/iti_9_month_scholarship/embedded/tools/discovery/tools/winavr_20100110/bin/../lib/gcc/avr/4.3.3/avr5\libgcc.a(_si_to_sf.o)
 .debug_line    0x0000096c      0x109 d:/iti_9_month_scholarship/embedded/tools/discovery/tools/winavr_20100110/bin/../lib/gcc/avr/4.3.3/avr5\libgcc.a(_sf_to_si.o)
 .debug_line    0x00000a75       0x90 d:/iti_9_month_scholarship/embedded/tools/discovery/tools/winavr_20100110/bin/../lib/gcc/avr/4.3.3/avr5\libgcc.a(_thenan_sf.o)
 .debug_line    0x00000b05      0x133 d:/iti_9_month_scholarship/embedded/tools/discovery/tools/winavr_20100110/bin/../lib/gcc/avr/4.3.3/avr5\libgcc.a(_usi_to_sf.o)
 .debug_line    0x00000c38       0xa5 d:/iti_9_month_scholarship/embedded/tools/discovery/tools/winavr_20100110/bin/../lib/gcc/avr/4.3.3/avr5\libgcc.a(_clzsi2.o)
 .debug_line    0x00000cdd      0x18a d:/iti_9_month_scholarship/embedded/tools/discovery/tools/winavr_20100110/bin/../lib/gcc/avr/4.3.3/avr5\libgcc.a(_pack_sf.o)
 .debug_line    0x00000e67      0x14b d:/iti_9_month_scholarship/embedded/tools/discovery/tools/winavr_20100110/bin/../lib/gcc/avr/4.3.3/avr5\libgcc.a(_unpack_sf.o)
 .debug_line    0x00000fb2      0x137 d:/iti_9_month_scholarship/embedded/tools/discovery/tools/winavr_20100110/bin/../lib/gcc/avr/4.3.3/avr5\libgcc.a(_fpcmp_parts_sf.o)
 .debug_line    0x000010e9       0x7c d:/iti_9_month_scholarship/embedded/tools/discovery/tools/winavr_20100110/bin/../lib/gcc/avr/4.3.3/avr5\libgcc.a(_clz.o)

.debug_frame    0x00000000      0x1a0
 *(.debug_frame)
 .debug_frame   0x00000000       0x20 d:/iti_9_month_scholarship/embedded/tools/discovery/tools/winavr_20100110/bin/../lib/gcc/avr/4.3.3/avr5\libgcc.a(_fixunssfsi.o)
 .debug_frame   0x00000020       0x40 d:/iti_9_month_scholarship/embedded/tools/discovery/tools/winavr_20100110/bin/../lib/gcc/avr/4.3.3/avr5\libgcc.a(_addsub_sf.o)
 .debug_frame   0x00000060       0x20 d:/iti_9_month_scholarship/embedded/tools/discovery/tools/winavr_20100110/bin/../lib/gcc/avr/4.3.3/avr5\libgcc.a(_mul_sf.o)
 .debug_frame   0x00000080       0x20 d:/iti_9_month_scholarship/embedded/tools/discovery/tools/winavr_20100110/bin/../lib/gcc/avr/4.3.3/avr5\libgcc.a(_div_sf.o)
 .debug_frame   0x000000a0       0x20 d:/iti_9_month_scholarship/embedded/tools/discovery/tools/winavr_20100110/bin/../lib/gcc/avr/4.3.3/avr5\libgcc.a(_ge_sf.o)
 .debug_frame   0x000000c0       0x20 d:/iti_9_month_scholarship/embedded/tools/discovery/tools/winavr_20100110/bin/../lib/gcc/avr/4.3.3/avr5\libgcc.a(_si_to_sf.o)
 .debug_frame   0x000000e0       0x20 d:/iti_9_month_scholarship/embedded/tools/discovery/tools/winavr_20100110/bin/../lib/gcc/avr/4.3.3/avr5\libgcc.a(_sf_to_si.o)
 .debug_frame   0x00000100       0x20 d:/iti_9_month_scholarship/embedded/tools/discovery/tools/winavr_20100110/bin/../lib/gcc/avr/4.3.3/avr5\libgcc.a(_usi_to_sf.o)
 .debug_frame   0x00000120       0x20 d:/iti_9_month_scholarship/embedded/tools/discovery/tools/winavr_20100110/bin/../lib/gcc/avr/4.3.3/avr5\libgcc.a(_clzsi2.o)
 .debug_frame   0x00000140       0x20 d:/iti_9_month_scholarship/embedded/tools/discovery/tools/winavr_20100110/bin/../lib/gcc/avr/4.3.3/avr5\libgcc.a(_pack_sf.o)
 .debug_frame   0x00000160       0x20 d:/iti_9_month_scholarship/embedded/tools/discovery/tools/winavr_20100110/bin/../lib/gcc/avr/4.3.3/avr5\libgcc.a(_unpack_sf.o)
 .debug_frame   0x00000180       0x20 d:/iti_9_month_scholarship/embedded/tools/discovery/tools/winavr_20100110/bin/../lib/gcc/avr/4.3.3/avr5\libgcc.a(_fpcmp_parts_sf.o)

.debug_str      0x00000000      0x2f7
 *(.debug_str)
 .debug_str     0x00000000       0xbf d:/iti_9_month_scholarship/embedded/tools/discovery/tools/winavr_20100110/bin/../lib/gcc/avr/4.3.3/avr5\libgcc.a(_fixunssfsi.o)
                                 0xfe (size before relaxing)
 .debug_str     0x000000bf      0x14d d:/iti_9_month_scholarship/embedded/tools/discovery/tools/winavr_20100110/bin/../lib/gcc/avr/4.3.3/avr5\libgcc.a(_addsub_sf.o)
                                0x206 (size before relaxing)
 .debug_str     0x0000020c       0x27 d:/iti_9_month_scholarship/embedded/tools/discovery/tools/winavr_20100110/bin/../lib/gcc/avr/4.3.3/avr5\libgcc.a(_mul_sf.o)
                                0x1bf (size before relaxing)
 .debug_str     0x00000233       0x35 d:/iti_9_month_scholarship/embedded/tools/discovery/tools/winavr_20100110/bin/../lib/gcc/avr/4.3.3/avr5\libgcc.a(_div_sf.o)
                                0x1c8 (size before relaxing)
 .debug_str     0x00000268        0x8 d:/iti_9_month_scholarship/embedded/tools/discovery/tools/winavr_20100110/bin/../lib/gcc/avr/4.3.3/avr5\libgcc.a(_ge_sf.o)
                                0x195 (size before relaxing)
 .debug_str     0x00000270       0x1e d:/iti_9_month_scholarship/embedded/tools/discovery/tools/winavr_20100110/bin/../lib/gcc/avr/4.3.3/avr5\libgcc.a(_si_to_sf.o)
                                0x17b (size before relaxing)
 .debug_str     0x0000028e        0xa d:/iti_9_month_scholarship/embedded/tools/discovery/tools/winavr_20100110/bin/../lib/gcc/avr/4.3.3/avr5\libgcc.a(_sf_to_si.o)
                                0x19e (size before relaxing)
 .debug_str     0x00000000      0x103 d:/iti_9_month_scholarship/embedded/tools/discovery/tools/winavr_20100110/bin/../lib/gcc/avr/4.3.3/avr5\libgcc.a(_thenan_sf.o)
 .debug_str     0x00000298       0x14 d:/iti_9_month_scholarship/embedded/tools/discovery/tools/winavr_20100110/bin/../lib/gcc/avr/4.3.3/avr5\libgcc.a(_usi_to_sf.o)
                                0x177 (size before relaxing)
 .debug_str     0x000002ac       0x20 d:/iti_9_month_scholarship/embedded/tools/discovery/tools/winavr_20100110/bin/../lib/gcc/avr/4.3.3/avr5\libgcc.a(_clzsi2.o)
                                0x111 (size before relaxing)
 .debug_str     0x000002cc       0x10 d:/iti_9_month_scholarship/embedded/tools/discovery/tools/winavr_20100110/bin/../lib/gcc/avr/4.3.3/avr5\libgcc.a(_pack_sf.o)
                                0x19d (size before relaxing)
 .debug_str     0x000002dc        0xb d:/iti_9_month_scholarship/embedded/tools/discovery/tools/winavr_20100110/bin/../lib/gcc/avr/4.3.3/avr5\libgcc.a(_unpack_sf.o)
                                0x17f (size before relaxing)
 .debug_str     0x000002e7       0x10 d:/iti_9_month_scholarship/embedded/tools/discovery/tools/winavr_20100110/bin/../lib/gcc/avr/4.3.3/avr5\libgcc.a(_fpcmp_parts_sf.o)
                                0x163 (size before relaxing)
 .debug_str     0x00000000       0xf4 d:/iti_9_month_scholarship/embedded/tools/discovery/tools/winavr_20100110/bin/../lib/gcc/avr/4.3.3/avr5\libgcc.a(_clz.o)

.debug_loc      0x00000000      0x9a2
 *(.debug_loc)
 .debug_loc     0x00000000       0x34 d:/iti_9_month_scholarship/embedded/tools/discovery/tools/winavr_20100110/bin/../lib/gcc/avr/4.3.3/avr5\libgcc.a(_fixunssfsi.o)
 .debug_loc     0x00000034      0x32a d:/iti_9_month_scholarship/embedded/tools/discovery/tools/winavr_20100110/bin/../lib/gcc/avr/4.3.3/avr5\libgcc.a(_addsub_sf.o)
 .debug_loc     0x0000035e      0x104 d:/iti_9_month_scholarship/embedded/tools/discovery/tools/winavr_20100110/bin/../lib/gcc/avr/4.3.3/avr5\libgcc.a(_mul_sf.o)
 .debug_loc     0x00000462       0xc0 d:/iti_9_month_scholarship/embedded/tools/discovery/tools/winavr_20100110/bin/../lib/gcc/avr/4.3.3/avr5\libgcc.a(_div_sf.o)
 .debug_loc     0x00000522       0x3c d:/iti_9_month_scholarship/embedded/tools/discovery/tools/winavr_20100110/bin/../lib/gcc/avr/4.3.3/avr5\libgcc.a(_ge_sf.o)
 .debug_loc     0x0000055e       0xac d:/iti_9_month_scholarship/embedded/tools/discovery/tools/winavr_20100110/bin/../lib/gcc/avr/4.3.3/avr5\libgcc.a(_si_to_sf.o)
 .debug_loc     0x0000060a       0x7e d:/iti_9_month_scholarship/embedded/tools/discovery/tools/winavr_20100110/bin/../lib/gcc/avr/4.3.3/avr5\libgcc.a(_sf_to_si.o)
 .debug_loc     0x00000688       0x4c d:/iti_9_month_scholarship/embedded/tools/discovery/tools/winavr_20100110/bin/../lib/gcc/avr/4.3.3/avr5\libgcc.a(_usi_to_sf.o)
 .debug_loc     0x000006d4       0x94 d:/iti_9_month_scholarship/embedded/tools/discovery/tools/winavr_20100110/bin/../lib/gcc/avr/4.3.3/avr5\libgcc.a(_clzsi2.o)
 .debug_loc     0x00000768      0x13e d:/iti_9_month_scholarship/embedded/tools/discovery/tools/winavr_20100110/bin/../lib/gcc/avr/4.3.3/avr5\libgcc.a(_pack_sf.o)
 .debug_loc     0x000008a6       0xac d:/iti_9_month_scholarship/embedded/tools/discovery/tools/winavr_20100110/bin/../lib/gcc/avr/4.3.3/avr5\libgcc.a(_unpack_sf.o)
 .debug_loc     0x00000952       0x50 d:/iti_9_month_scholarship/embedded/tools/discovery/tools/winavr_20100110/bin/../lib/gcc/avr/4.3.3/avr5\libgcc.a(_fpcmp_parts_sf.o)

.debug_macinfo
 *(.debug_macinfo)
OUTPUT(Led_Intensity.elf elf32-avr)
LOAD linker stubs

.debug_ranges   0x00000000       0x50
 .debug_ranges  0x00000000       0x50 d:/iti_9_month_scholarship/embedded/tools/discovery/tools/winavr_20100110/bin/../lib/gcc/avr/4.3.3/avr5\libgcc.a(_mul_sf.o)
